00:16:13 **** Incremental Build of configuration Debug for project adc_dma ****
make all 
Building file: ../Src/main.c
Invoking: MCU GCC Compiler
C:\Users\arkadiusz.zelazowski\STMworkspace\adc_dma\Debug
arm-none-eabi-gcc -mcpu=cortex-m4 -mthumb -mfloat-abi=hard -mfpu=fpv4-sp-d16 '-D__weak=__attribute__((weak))' '-D__packed=__attribute__((__packed__))' -DUSE_HAL_DRIVER -DSTM32F446xx -I"C:/Users/arkadiusz.zelazowski/STMworkspace/adc_dma/Inc" -I"C:/Users/arkadiusz.zelazowski/STMworkspace/adc_dma/Drivers/STM32F4xx_HAL_Driver/Inc" -I"C:/Users/arkadiusz.zelazowski/STMworkspace/adc_dma/Drivers/STM32F4xx_HAL_Driver/Inc/Legacy" -I"C:/Users/arkadiusz.zelazowski/STMworkspace/adc_dma/Drivers/CMSIS/Device/ST/STM32F4xx/Include" -I"C:/Users/arkadiusz.zelazowski/STMworkspace/adc_dma/Drivers/CMSIS/Include"  -Og -g3 -Wall -fmessage-length=0 -ffunction-sections -c -fmessage-length=0 -MMD -MP -MF"Src/main.d" -MT"Src/main.o" -o "Src/main.o" "../Src/main.c"
../Src/main.c: In function 'main':
../Src/main.c:113:3: warning: implicit declaration of function 'printf' [-Wimplicit-function-declaration]
   printf("hello!\r\n");
   ^~~~~~
../Src/main.c:113:3: warning: incompatible implicit declaration of built-in function 'printf'
../Src/main.c:113:3: note: include '<stdio.h>' or provide a declaration of 'printf'
../Src/main.c: In function 'HAL_ADC_ConvCpltCallback':
../Src/main.c:286:2: warning: incompatible implicit declaration of built-in function 'printf'
  printf("Meas: %d == %4.6f == %4.6f\r\n", PomiarADC, Vsense, Temperature);
  ^~~~~~
../Src/main.c:286:2: note: include '<stdio.h>' or provide a declaration of 'printf'
Finished building: ../Src/main.c
 
Building target: adc_dma.elf
Invoking: MCU GCC Linker
arm-none-eabi-gcc -mcpu=cortex-m4 -mthumb -mfloat-abi=hard -mfpu=fpv4-sp-d16 -specs=nosys.specs -specs=nano.specs -u _printf_float -T"../STM32F446RETx_FLASH.ld" -Wl,-Map=output.map -Wl,--gc-sections -o "adc_dma.elf" @"objects.list"   -lm
Finished building target: adc_dma.elf
 
make --no-print-directory post-build
Generating hex and Printing size information:
arm-none-eabi-objcopy -O ihex "adc_dma.elf" "adc_dma.hex"
arm-none-eabi-size "adc_dma.elf"
   text	   data	    bss	    dec	    hex	filename
  21128	    484	   1740	  23352	   5b38	adc_dma.elf
 

00:16:19 Build Finished (took 5s.813ms)

