21:48:43 **** Incremental Build of configuration Debug for project i2c_basic ****
make all 
make: Nothing to be done for 'all'.
21:49:04 **** Incremental Build of configuration Debug for project i2c_basic ****
make all 
make: Nothing to be done for 'all'.
21:50:52 **** Incremental Build of configuration Debug for project i2c_basic ****
make all 
make: Nothing to be done for 'all'.
22:18:01 **** Incremental Build of configuration Debug for project i2c_basic ****
make all 
Building file: ../Src/main.c
Invoking: MCU GCC Compiler
C:\Users\arkadiusz.zelazowski\STMworkspace\i2c_basic\Debug
arm-none-eabi-gcc -mcpu=cortex-m4 -mthumb -mfloat-abi=hard -mfpu=fpv4-sp-d16 '-D__weak=__attribute__((weak))' '-D__packed=__attribute__((__packed__))' -DUSE_HAL_DRIVER -DSTM32F446xx -I"C:/Users/arkadiusz.zelazowski/STMworkspace/i2c_basic/Inc" -I"C:/Users/arkadiusz.zelazowski/STMworkspace/i2c_basic/Drivers/STM32F4xx_HAL_Driver/Inc" -I"C:/Users/arkadiusz.zelazowski/STMworkspace/i2c_basic/Drivers/STM32F4xx_HAL_Driver/Inc/Legacy" -I"C:/Users/arkadiusz.zelazowski/STMworkspace/i2c_basic/Drivers/CMSIS/Device/ST/STM32F4xx/Include" -I"C:/Users/arkadiusz.zelazowski/STMworkspace/i2c_basic/Drivers/CMSIS/Include"  -Og -g3 -Wall -fmessage-length=0 -ffunction-sections -c -fmessage-length=0 -MMD -MP -MF"Src/main.d" -MT"Src/main.o" -o "Src/main.o" "../Src/main.c"
../Src/main.c: In function 'main':
../Src/main.c:162:12: warning: unused variable 'data' [-Wunused-variable]
   uint32_t data;
            ^~~~
../Src/main.c: In function 'MX_TIM6_Init':
../Src/main.c:386:3: warning: implicit declaration of function 'printf' [-Wimplicit-function-declaration]
   printf("tim setup done 6\r\n");
   ^~~~~~
../Src/main.c:386:3: warning: incompatible implicit declaration of built-in function 'printf'
../Src/main.c:386:3: note: include '<stdio.h>' or provide a declaration of 'printf'
../Src/main.c: In function 'Error_Handler':
../Src/main.c:502:2: warning: incompatible implicit declaration of built-in function 'printf'
  printf("ERROR!");
  ^~~~~~
../Src/main.c:502:2: note: include '<stdio.h>' or provide a declaration of 'printf'
Finished building: ../Src/main.c
 
Building target: i2c_basic.elf
Invoking: MCU GCC Linker
arm-none-eabi-gcc -mcpu=cortex-m4 -mthumb -mfloat-abi=hard -mfpu=fpv4-sp-d16 -specs=nosys.specs -specs=nano.specs -T"../STM32F446RETx_FLASH.ld" -Wl,-Map=output.map -Wl,--gc-sections -o "i2c_basic.elf" @"objects.list"   -lm
Finished building target: i2c_basic.elf
 
make --no-print-directory post-build
Generating hex and Printing size information:
arm-none-eabi-objcopy -O ihex "i2c_basic.elf" "i2c_basic.hex"
arm-none-eabi-size "i2c_basic.elf"
   text	   data	    bss	    dec	    hex	filename
  15336	    120	  78920	  94376	  170a8	i2c_basic.elf
 
22:22:04 **** Incremental Build of configuration Debug for project i2c_basic ****
make all 
Building file: ../Src/main.c
Invoking: MCU GCC Compiler
C:\Users\arkadiusz.zelazowski\STMworkspace\i2c_basic\Debug
arm-none-eabi-gcc -mcpu=cortex-m4 -mthumb -mfloat-abi=hard -mfpu=fpv4-sp-d16 '-D__weak=__attribute__((weak))' '-D__packed=__attribute__((__packed__))' -DUSE_HAL_DRIVER -DSTM32F446xx -I"C:/Users/arkadiusz.zelazowski/STMworkspace/i2c_basic/Inc" -I"C:/Users/arkadiusz.zelazowski/STMworkspace/i2c_basic/Drivers/STM32F4xx_HAL_Driver/Inc" -I"C:/Users/arkadiusz.zelazowski/STMworkspace/i2c_basic/Drivers/STM32F4xx_HAL_Driver/Inc/Legacy" -I"C:/Users/arkadiusz.zelazowski/STMworkspace/i2c_basic/Drivers/CMSIS/Device/ST/STM32F4xx/Include" -I"C:/Users/arkadiusz.zelazowski/STMworkspace/i2c_basic/Drivers/CMSIS/Include"  -Og -g3 -Wall -fmessage-length=0 -ffunction-sections -c -fmessage-length=0 -MMD -MP -MF"Src/main.d" -MT"Src/main.o" -o "Src/main.o" "../Src/main.c"
../Src/main.c: In function 'main':
../Src/main.c:201:4: warning: implicit declaration of function 'printf' [-Wimplicit-function-declaration]
    printf("\r\nhscnt: %d\r\n", line);
    ^~~~~~
../Src/main.c:201:4: warning: incompatible implicit declaration of built-in function 'printf'
../Src/main.c:201:4: note: include '<stdio.h>' or provide a declaration of 'printf'
../Src/main.c:162:12: warning: unused variable 'data' [-Wunused-variable]
   uint32_t data;
            ^~~~
../Src/main.c: In function 'MX_TIM6_Init':
../Src/main.c:386:3: warning: incompatible implicit declaration of built-in function 'printf'
   printf("tim setup done 6\r\n");
   ^~~~~~
../Src/main.c:386:3: note: include '<stdio.h>' or provide a declaration of 'printf'
../Src/main.c: In function 'Error_Handler':
../Src/main.c:502:2: warning: incompatible implicit declaration of built-in function 'printf'
  printf("ERROR!");
  ^~~~~~
../Src/main.c:502:2: note: include '<stdio.h>' or provide a declaration of 'printf'
Finished building: ../Src/main.c
 
Building target: i2c_basic.elf
Invoking: MCU GCC Linker
arm-none-eabi-gcc -mcpu=cortex-m4 -mthumb -mfloat-abi=hard -mfpu=fpv4-sp-d16 -specs=nosys.specs -specs=nano.specs -T"../STM32F446RETx_FLASH.ld" -Wl,-Map=output.map -Wl,--gc-sections -o "i2c_basic.elf" @"objects.list"   -lm
Finished building target: i2c_basic.elf
 
make --no-print-directory post-build
Generating hex and Printing size information:
arm-none-eabi-objcopy -O ihex "i2c_basic.elf" "i2c_basic.hex"
arm-none-eabi-size "i2c_basic.elf"
   text	   data	    bss	    dec	    hex	filename
  15364	    120	  78920	  94404	  170c4	i2c_basic.elf
 
22:23:05 **** Incremental Build of configuration Debug for project i2c_basic ****
make all 
Building file: ../Src/main.c
Invoking: MCU GCC Compiler
C:\Users\arkadiusz.zelazowski\STMworkspace\i2c_basic\Debug
arm-none-eabi-gcc -mcpu=cortex-m4 -mthumb -mfloat-abi=hard -mfpu=fpv4-sp-d16 '-D__weak=__attribute__((weak))' '-D__packed=__attribute__((__packed__))' -DUSE_HAL_DRIVER -DSTM32F446xx -I"C:/Users/arkadiusz.zelazowski/STMworkspace/i2c_basic/Inc" -I"C:/Users/arkadiusz.zelazowski/STMworkspace/i2c_basic/Drivers/STM32F4xx_HAL_Driver/Inc" -I"C:/Users/arkadiusz.zelazowski/STMworkspace/i2c_basic/Drivers/STM32F4xx_HAL_Driver/Inc/Legacy" -I"C:/Users/arkadiusz.zelazowski/STMworkspace/i2c_basic/Drivers/CMSIS/Device/ST/STM32F4xx/Include" -I"C:/Users/arkadiusz.zelazowski/STMworkspace/i2c_basic/Drivers/CMSIS/Include"  -Og -g3 -Wall -fmessage-length=0 -ffunction-sections -c -fmessage-length=0 -MMD -MP -MF"Src/main.d" -MT"Src/main.o" -o "Src/main.o" "../Src/main.c"
../Src/main.c: In function 'main':
../Src/main.c:201:4: warning: implicit declaration of function 'printf' [-Wimplicit-function-declaration]
    printf("\r\nhscnt: %d\r\n", line);
    ^~~~~~
../Src/main.c:201:4: warning: incompatible implicit declaration of built-in function 'printf'
../Src/main.c:201:4: note: include '<stdio.h>' or provide a declaration of 'printf'
../Src/main.c:162:12: warning: unused variable 'data' [-Wunused-variable]
   uint32_t data;
            ^~~~
../Src/main.c: In function 'MX_TIM6_Init':
../Src/main.c:386:3: warning: incompatible implicit declaration of built-in function 'printf'
   printf("tim setup done 6\r\n");
   ^~~~~~
../Src/main.c:386:3: note: include '<stdio.h>' or provide a declaration of 'printf'
../Src/main.c: In function 'Error_Handler':
../Src/main.c:502:2: warning: incompatible implicit declaration of built-in function 'printf'
  printf("ERROR!");
  ^~~~~~
../Src/main.c:502:2: note: include '<stdio.h>' or provide a declaration of 'printf'
Finished building: ../Src/main.c
 
Building target: i2c_basic.elf
Invoking: MCU GCC Linker
arm-none-eabi-gcc -mcpu=cortex-m4 -mthumb -mfloat-abi=hard -mfpu=fpv4-sp-d16 -specs=nosys.specs -specs=nano.specs -T"../STM32F446RETx_FLASH.ld" -Wl,-Map=output.map -Wl,--gc-sections -o "i2c_basic.elf" @"objects.list"   -lm
Finished building target: i2c_basic.elf
 
make --no-print-directory post-build
Generating hex and Printing size information:
arm-none-eabi-objcopy -O ihex "i2c_basic.elf" "i2c_basic.hex"
arm-none-eabi-size "i2c_basic.elf"
   text	   data	    bss	    dec	    hex	filename
  15364	    120	  78920	  94404	  170c4	i2c_basic.elf
 
22:27:36 **** Incremental Build of configuration Debug for project i2c_basic ****
make all 
Building file: ../Src/main.c
Invoking: MCU GCC Compiler
C:\Users\arkadiusz.zelazowski\STMworkspace\i2c_basic\Debug
arm-none-eabi-gcc -mcpu=cortex-m4 -mthumb -mfloat-abi=hard -mfpu=fpv4-sp-d16 '-D__weak=__attribute__((weak))' '-D__packed=__attribute__((__packed__))' -DUSE_HAL_DRIVER -DSTM32F446xx -I"C:/Users/arkadiusz.zelazowski/STMworkspace/i2c_basic/Inc" -I"C:/Users/arkadiusz.zelazowski/STMworkspace/i2c_basic/Drivers/STM32F4xx_HAL_Driver/Inc" -I"C:/Users/arkadiusz.zelazowski/STMworkspace/i2c_basic/Drivers/STM32F4xx_HAL_Driver/Inc/Legacy" -I"C:/Users/arkadiusz.zelazowski/STMworkspace/i2c_basic/Drivers/CMSIS/Device/ST/STM32F4xx/Include" -I"C:/Users/arkadiusz.zelazowski/STMworkspace/i2c_basic/Drivers/CMSIS/Include"  -Og -g3 -Wall -fmessage-length=0 -ffunction-sections -c -fmessage-length=0 -MMD -MP -MF"Src/main.d" -MT"Src/main.o" -o "Src/main.o" "../Src/main.c"
../Src/main.c: In function 'main':
../Src/main.c:201:4: warning: implicit declaration of function 'printf' [-Wimplicit-function-declaration]
    printf("\r\nhscnt: %d\r\n", line);
    ^~~~~~
../Src/main.c:201:4: warning: incompatible implicit declaration of built-in function 'printf'
../Src/main.c:201:4: note: include '<stdio.h>' or provide a declaration of 'printf'
../Src/main.c:162:12: warning: unused variable 'data' [-Wunused-variable]
   uint32_t data;
            ^~~~
../Src/main.c: In function 'MX_TIM6_Init':
../Src/main.c:386:3: warning: incompatible implicit declaration of built-in function 'printf'
   printf("tim setup done 6\r\n");
   ^~~~~~
../Src/main.c:386:3: note: include '<stdio.h>' or provide a declaration of 'printf'
../Src/main.c: In function 'Error_Handler':
../Src/main.c:502:2: warning: incompatible implicit declaration of built-in function 'printf'
  printf("ERROR!");
  ^~~~~~
../Src/main.c:502:2: note: include '<stdio.h>' or provide a declaration of 'printf'
Finished building: ../Src/main.c
 
Building target: i2c_basic.elf
Invoking: MCU GCC Linker
arm-none-eabi-gcc -mcpu=cortex-m4 -mthumb -mfloat-abi=hard -mfpu=fpv4-sp-d16 -specs=nosys.specs -specs=nano.specs -T"../STM32F446RETx_FLASH.ld" -Wl,-Map=output.map -Wl,--gc-sections -o "i2c_basic.elf" @"objects.list"   -lm
Finished building target: i2c_basic.elf
 
make --no-print-directory post-build
Generating hex and Printing size information:
arm-none-eabi-objcopy -O ihex "i2c_basic.elf" "i2c_basic.hex"
arm-none-eabi-size "i2c_basic.elf"
   text	   data	    bss	    dec	    hex	filename
  15368	    120	  78920	  94408	  170c8	i2c_basic.elf
 
22:29:06 **** Incremental Build of configuration Debug for project i2c_basic ****
make all 
Building file: ../Src/main.c
Invoking: MCU GCC Compiler
C:\Users\arkadiusz.zelazowski\STMworkspace\i2c_basic\Debug
arm-none-eabi-gcc -mcpu=cortex-m4 -mthumb -mfloat-abi=hard -mfpu=fpv4-sp-d16 '-D__weak=__attribute__((weak))' '-D__packed=__attribute__((__packed__))' -DUSE_HAL_DRIVER -DSTM32F446xx -I"C:/Users/arkadiusz.zelazowski/STMworkspace/i2c_basic/Inc" -I"C:/Users/arkadiusz.zelazowski/STMworkspace/i2c_basic/Drivers/STM32F4xx_HAL_Driver/Inc" -I"C:/Users/arkadiusz.zelazowski/STMworkspace/i2c_basic/Drivers/STM32F4xx_HAL_Driver/Inc/Legacy" -I"C:/Users/arkadiusz.zelazowski/STMworkspace/i2c_basic/Drivers/CMSIS/Device/ST/STM32F4xx/Include" -I"C:/Users/arkadiusz.zelazowski/STMworkspace/i2c_basic/Drivers/CMSIS/Include"  -Og -g3 -Wall -fmessage-length=0 -ffunction-sections -c -fmessage-length=0 -MMD -MP -MF"Src/main.d" -MT"Src/main.o" -o "Src/main.o" "../Src/main.c"
../Src/main.c: In function 'main':
../Src/main.c:201:4: warning: implicit declaration of function 'printf' [-Wimplicit-function-declaration]
    printf("\r\nhscnt: %d\r\n", line);
    ^~~~~~
../Src/main.c:201:4: warning: incompatible implicit declaration of built-in function 'printf'
../Src/main.c:201:4: note: include '<stdio.h>' or provide a declaration of 'printf'
../Src/main.c:162:12: warning: unused variable 'data' [-Wunused-variable]
   uint32_t data;
            ^~~~
../Src/main.c: In function 'MX_TIM6_Init':
../Src/main.c:386:3: warning: incompatible implicit declaration of built-in function 'printf'
   printf("tim setup done 6\r\n");
   ^~~~~~
../Src/main.c:386:3: note: include '<stdio.h>' or provide a declaration of 'printf'
../Src/main.c: In function 'Error_Handler':
../Src/main.c:502:2: warning: incompatible implicit declaration of built-in function 'printf'
  printf("ERROR!");
  ^~~~~~
../Src/main.c:502:2: note: include '<stdio.h>' or provide a declaration of 'printf'
Finished building: ../Src/main.c
 
Building target: i2c_basic.elf
Invoking: MCU GCC Linker
arm-none-eabi-gcc -mcpu=cortex-m4 -mthumb -mfloat-abi=hard -mfpu=fpv4-sp-d16 -specs=nosys.specs -specs=nano.specs -T"../STM32F446RETx_FLASH.ld" -Wl,-Map=output.map -Wl,--gc-sections -o "i2c_basic.elf" @"objects.list"   -lm
Finished building target: i2c_basic.elf
 
make --no-print-directory post-build
Generating hex and Printing size information:
arm-none-eabi-objcopy -O ihex "i2c_basic.elf" "i2c_basic.hex"
arm-none-eabi-size "i2c_basic.elf"
   text	   data	    bss	    dec	    hex	filename
  15368	    120	  78920	  94408	  170c8	i2c_basic.elf
 
22:32:41 **** Incremental Build of configuration Debug for project i2c_basic ****
make all 
Building file: ../Src/main.c
Invoking: MCU GCC Compiler
C:\Users\arkadiusz.zelazowski\STMworkspace\i2c_basic\Debug
arm-none-eabi-gcc -mcpu=cortex-m4 -mthumb -mfloat-abi=hard -mfpu=fpv4-sp-d16 '-D__weak=__attribute__((weak))' '-D__packed=__attribute__((__packed__))' -DUSE_HAL_DRIVER -DSTM32F446xx -I"C:/Users/arkadiusz.zelazowski/STMworkspace/i2c_basic/Inc" -I"C:/Users/arkadiusz.zelazowski/STMworkspace/i2c_basic/Drivers/STM32F4xx_HAL_Driver/Inc" -I"C:/Users/arkadiusz.zelazowski/STMworkspace/i2c_basic/Drivers/STM32F4xx_HAL_Driver/Inc/Legacy" -I"C:/Users/arkadiusz.zelazowski/STMworkspace/i2c_basic/Drivers/CMSIS/Device/ST/STM32F4xx/Include" -I"C:/Users/arkadiusz.zelazowski/STMworkspace/i2c_basic/Drivers/CMSIS/Include"  -Og -g3 -Wall -fmessage-length=0 -ffunction-sections -c -fmessage-length=0 -MMD -MP -MF"Src/main.d" -MT"Src/main.o" -o "Src/main.o" "../Src/main.c"
../Src/main.c: In function 'main':
../Src/main.c:201:4: warning: implicit declaration of function 'printf' [-Wimplicit-function-declaration]
    printf("\r\nhscnt: %d\r\n", line);
    ^~~~~~
../Src/main.c:201:4: warning: incompatible implicit declaration of built-in function 'printf'
../Src/main.c:201:4: note: include '<stdio.h>' or provide a declaration of 'printf'
../Src/main.c:162:12: warning: unused variable 'data' [-Wunused-variable]
   uint32_t data;
            ^~~~
../Src/main.c: In function 'MX_TIM6_Init':
../Src/main.c:386:3: warning: incompatible implicit declaration of built-in function 'printf'
   printf("tim setup done 6\r\n");
   ^~~~~~
../Src/main.c:386:3: note: include '<stdio.h>' or provide a declaration of 'printf'
../Src/main.c: In function 'Error_Handler':
../Src/main.c:502:2: warning: incompatible implicit declaration of built-in function 'printf'
  printf("ERROR!");
  ^~~~~~
../Src/main.c:502:2: note: include '<stdio.h>' or provide a declaration of 'printf'
Finished building: ../Src/main.c
 
Building target: i2c_basic.elf
Invoking: MCU GCC Linker
arm-none-eabi-gcc -mcpu=cortex-m4 -mthumb -mfloat-abi=hard -mfpu=fpv4-sp-d16 -specs=nosys.specs -specs=nano.specs -T"../STM32F446RETx_FLASH.ld" -Wl,-Map=output.map -Wl,--gc-sections -o "i2c_basic.elf" @"objects.list"   -lm
Finished building target: i2c_basic.elf
 
make --no-print-directory post-build
Generating hex and Printing size information:
arm-none-eabi-objcopy -O ihex "i2c_basic.elf" "i2c_basic.hex"
arm-none-eabi-size "i2c_basic.elf"
   text	   data	    bss	    dec	    hex	filename
  15368	    120	  78920	  94408	  170c8	i2c_basic.elf
 
22:35:38 **** Incremental Build of configuration Debug for project i2c_basic ****
make all 
Building file: ../Src/main.c
Invoking: MCU GCC Compiler
C:\Users\arkadiusz.zelazowski\STMworkspace\i2c_basic\Debug
arm-none-eabi-gcc -mcpu=cortex-m4 -mthumb -mfloat-abi=hard -mfpu=fpv4-sp-d16 '-D__weak=__attribute__((weak))' '-D__packed=__attribute__((__packed__))' -DUSE_HAL_DRIVER -DSTM32F446xx -I"C:/Users/arkadiusz.zelazowski/STMworkspace/i2c_basic/Inc" -I"C:/Users/arkadiusz.zelazowski/STMworkspace/i2c_basic/Drivers/STM32F4xx_HAL_Driver/Inc" -I"C:/Users/arkadiusz.zelazowski/STMworkspace/i2c_basic/Drivers/STM32F4xx_HAL_Driver/Inc/Legacy" -I"C:/Users/arkadiusz.zelazowski/STMworkspace/i2c_basic/Drivers/CMSIS/Device/ST/STM32F4xx/Include" -I"C:/Users/arkadiusz.zelazowski/STMworkspace/i2c_basic/Drivers/CMSIS/Include"  -Og -g3 -Wall -fmessage-length=0 -ffunction-sections -c -fmessage-length=0 -MMD -MP -MF"Src/main.d" -MT"Src/main.o" -o "Src/main.o" "../Src/main.c"
../Src/main.c: In function 'main':
../Src/main.c:201:4: warning: implicit declaration of function 'printf' [-Wimplicit-function-declaration]
    printf("\r\nhscnt: %d\r\n", line);
    ^~~~~~
../Src/main.c:201:4: warning: incompatible implicit declaration of built-in function 'printf'
../Src/main.c:201:4: note: include '<stdio.h>' or provide a declaration of 'printf'
../Src/main.c:162:12: warning: unused variable 'data' [-Wunused-variable]
   uint32_t data;
            ^~~~
../Src/main.c: In function 'MX_TIM6_Init':
../Src/main.c:386:3: warning: incompatible implicit declaration of built-in function 'printf'
   printf("tim setup done 6\r\n");
   ^~~~~~
../Src/main.c:386:3: note: include '<stdio.h>' or provide a declaration of 'printf'
../Src/main.c: In function 'Error_Handler':
../Src/main.c:502:2: warning: incompatible implicit declaration of built-in function 'printf'
  printf("ERROR!");
  ^~~~~~
../Src/main.c:502:2: note: include '<stdio.h>' or provide a declaration of 'printf'
Finished building: ../Src/main.c
 
Building target: i2c_basic.elf
Invoking: MCU GCC Linker
arm-none-eabi-gcc -mcpu=cortex-m4 -mthumb -mfloat-abi=hard -mfpu=fpv4-sp-d16 -specs=nosys.specs -specs=nano.specs -T"../STM32F446RETx_FLASH.ld" -Wl,-Map=output.map -Wl,--gc-sections -o "i2c_basic.elf" @"objects.list"   -lm
Finished building target: i2c_basic.elf
 
make --no-print-directory post-build
Generating hex and Printing size information:
arm-none-eabi-objcopy -O ihex "i2c_basic.elf" "i2c_basic.hex"
arm-none-eabi-size "i2c_basic.elf"
   text	   data	    bss	    dec	    hex	filename
  15368	    120	  78920	  94408	  170c8	i2c_basic.elf
 
22:37:25 **** Incremental Build of configuration Debug for project i2c_basic ****
make all 
Building file: ../Src/main.c
Invoking: MCU GCC Compiler
C:\Users\arkadiusz.zelazowski\STMworkspace\i2c_basic\Debug
arm-none-eabi-gcc -mcpu=cortex-m4 -mthumb -mfloat-abi=hard -mfpu=fpv4-sp-d16 '-D__weak=__attribute__((weak))' '-D__packed=__attribute__((__packed__))' -DUSE_HAL_DRIVER -DSTM32F446xx -I"C:/Users/arkadiusz.zelazowski/STMworkspace/i2c_basic/Inc" -I"C:/Users/arkadiusz.zelazowski/STMworkspace/i2c_basic/Drivers/STM32F4xx_HAL_Driver/Inc" -I"C:/Users/arkadiusz.zelazowski/STMworkspace/i2c_basic/Drivers/STM32F4xx_HAL_Driver/Inc/Legacy" -I"C:/Users/arkadiusz.zelazowski/STMworkspace/i2c_basic/Drivers/CMSIS/Device/ST/STM32F4xx/Include" -I"C:/Users/arkadiusz.zelazowski/STMworkspace/i2c_basic/Drivers/CMSIS/Include"  -Og -g3 -Wall -fmessage-length=0 -ffunction-sections -c -fmessage-length=0 -MMD -MP -MF"Src/main.d" -MT"Src/main.o" -o "Src/main.o" "../Src/main.c"
../Src/main.c: In function 'main':
../Src/main.c:201:4: warning: implicit declaration of function 'printf' [-Wimplicit-function-declaration]
    printf("\r\nhscnt: %d\r\n", line);
    ^~~~~~
../Src/main.c:201:4: warning: incompatible implicit declaration of built-in function 'printf'
../Src/main.c:201:4: note: include '<stdio.h>' or provide a declaration of 'printf'
../Src/main.c:162:12: warning: unused variable 'data' [-Wunused-variable]
   uint32_t data;
            ^~~~
../Src/main.c: In function 'MX_TIM6_Init':
../Src/main.c:386:3: warning: incompatible implicit declaration of built-in function 'printf'
   printf("tim setup done 6\r\n");
   ^~~~~~
../Src/main.c:386:3: note: include '<stdio.h>' or provide a declaration of 'printf'
../Src/main.c: In function 'Error_Handler':
../Src/main.c:502:2: warning: incompatible implicit declaration of built-in function 'printf'
  printf("ERROR!");
  ^~~~~~
../Src/main.c:502:2: note: include '<stdio.h>' or provide a declaration of 'printf'
Finished building: ../Src/main.c
 
Building target: i2c_basic.elf
Invoking: MCU GCC Linker
arm-none-eabi-gcc -mcpu=cortex-m4 -mthumb -mfloat-abi=hard -mfpu=fpv4-sp-d16 -specs=nosys.specs -specs=nano.specs -T"../STM32F446RETx_FLASH.ld" -Wl,-Map=output.map -Wl,--gc-sections -o "i2c_basic.elf" @"objects.list"   -lm
Finished building target: i2c_basic.elf
 
make --no-print-directory post-build
Generating hex and Printing size information:
arm-none-eabi-objcopy -O ihex "i2c_basic.elf" "i2c_basic.hex"
arm-none-eabi-size "i2c_basic.elf"
   text	   data	    bss	    dec	    hex	filename
  15368	    120	  78920	  94408	  170c8	i2c_basic.elf
 
22:40:38 **** Incremental Build of configuration Debug for project i2c_basic ****
make all 
Building file: ../Src/main.c
Invoking: MCU GCC Compiler
C:\Users\arkadiusz.zelazowski\STMworkspace\i2c_basic\Debug
arm-none-eabi-gcc -mcpu=cortex-m4 -mthumb -mfloat-abi=hard -mfpu=fpv4-sp-d16 '-D__weak=__attribute__((weak))' '-D__packed=__attribute__((__packed__))' -DUSE_HAL_DRIVER -DSTM32F446xx -I"C:/Users/arkadiusz.zelazowski/STMworkspace/i2c_basic/Inc" -I"C:/Users/arkadiusz.zelazowski/STMworkspace/i2c_basic/Drivers/STM32F4xx_HAL_Driver/Inc" -I"C:/Users/arkadiusz.zelazowski/STMworkspace/i2c_basic/Drivers/STM32F4xx_HAL_Driver/Inc/Legacy" -I"C:/Users/arkadiusz.zelazowski/STMworkspace/i2c_basic/Drivers/CMSIS/Device/ST/STM32F4xx/Include" -I"C:/Users/arkadiusz.zelazowski/STMworkspace/i2c_basic/Drivers/CMSIS/Include"  -Og -g3 -Wall -fmessage-length=0 -ffunction-sections -c -fmessage-length=0 -MMD -MP -MF"Src/main.d" -MT"Src/main.o" -o "Src/main.o" "../Src/main.c"
../Src/main.c: In function 'main':
../Src/main.c:203:4: warning: implicit declaration of function 'printf' [-Wimplicit-function-declaration]
    printf("\r\nhscnt: %d\r\n", line);
    ^~~~~~
../Src/main.c:203:4: warning: incompatible implicit declaration of built-in function 'printf'
../Src/main.c:203:4: note: include '<stdio.h>' or provide a declaration of 'printf'
../Src/main.c:162:12: warning: unused variable 'data' [-Wunused-variable]
   uint32_t data;
            ^~~~
../Src/main.c: In function 'MX_TIM6_Init':
../Src/main.c:388:3: warning: incompatible implicit declaration of built-in function 'printf'
   printf("tim setup done 6\r\n");
   ^~~~~~
../Src/main.c:388:3: note: include '<stdio.h>' or provide a declaration of 'printf'
../Src/main.c: In function 'Error_Handler':
../Src/main.c:504:2: warning: incompatible implicit declaration of built-in function 'printf'
  printf("ERROR!");
  ^~~~~~
../Src/main.c:504:2: note: include '<stdio.h>' or provide a declaration of 'printf'
Finished building: ../Src/main.c
 
Building target: i2c_basic.elf
Invoking: MCU GCC Linker
arm-none-eabi-gcc -mcpu=cortex-m4 -mthumb -mfloat-abi=hard -mfpu=fpv4-sp-d16 -specs=nosys.specs -specs=nano.specs -T"../STM32F446RETx_FLASH.ld" -Wl,-Map=output.map -Wl,--gc-sections -o "i2c_basic.elf" @"objects.list"   -lm
Finished building target: i2c_basic.elf
 
make --no-print-directory post-build
Generating hex and Printing size information:
arm-none-eabi-objcopy -O ihex "i2c_basic.elf" "i2c_basic.hex"
arm-none-eabi-size "i2c_basic.elf"
   text	   data	    bss	    dec	    hex	filename
  15340	    120	  78920	  94380	  170ac	i2c_basic.elf
 
22:46:02 **** Incremental Build of configuration Debug for project i2c_basic ****
make all 
Building file: ../Src/main.c
Invoking: MCU GCC Compiler
C:\Users\arkadiusz.zelazowski\STMworkspace\i2c_basic\Debug
arm-none-eabi-gcc -mcpu=cortex-m4 -mthumb -mfloat-abi=hard -mfpu=fpv4-sp-d16 '-D__weak=__attribute__((weak))' '-D__packed=__attribute__((__packed__))' -DUSE_HAL_DRIVER -DSTM32F446xx -I"C:/Users/arkadiusz.zelazowski/STMworkspace/i2c_basic/Inc" -I"C:/Users/arkadiusz.zelazowski/STMworkspace/i2c_basic/Drivers/STM32F4xx_HAL_Driver/Inc" -I"C:/Users/arkadiusz.zelazowski/STMworkspace/i2c_basic/Drivers/STM32F4xx_HAL_Driver/Inc/Legacy" -I"C:/Users/arkadiusz.zelazowski/STMworkspace/i2c_basic/Drivers/CMSIS/Device/ST/STM32F4xx/Include" -I"C:/Users/arkadiusz.zelazowski/STMworkspace/i2c_basic/Drivers/CMSIS/Include"  -Og -g3 -Wall -fmessage-length=0 -ffunction-sections -c -fmessage-length=0 -MMD -MP -MF"Src/main.d" -MT"Src/main.o" -o "Src/main.o" "../Src/main.c"
../Src/main.c: In function 'main':
../Src/main.c:203:4: warning: implicit declaration of function 'printf' [-Wimplicit-function-declaration]
    printf("\r\nhscnt: %d\r\n", line);
    ^~~~~~
../Src/main.c:203:4: warning: incompatible implicit declaration of built-in function 'printf'
../Src/main.c:203:4: note: include '<stdio.h>' or provide a declaration of 'printf'
../Src/main.c:162:12: warning: unused variable 'data' [-Wunused-variable]
   uint32_t data;
            ^~~~
../Src/main.c: In function 'MX_TIM6_Init':
../Src/main.c:388:3: warning: incompatible implicit declaration of built-in function 'printf'
   printf("tim setup done 6\r\n");
   ^~~~~~
../Src/main.c:388:3: note: include '<stdio.h>' or provide a declaration of 'printf'
../Src/main.c: In function 'Error_Handler':
../Src/main.c:504:2: warning: incompatible implicit declaration of built-in function 'printf'
  printf("ERROR!");
  ^~~~~~
../Src/main.c:504:2: note: include '<stdio.h>' or provide a declaration of 'printf'
Finished building: ../Src/main.c
 
Building target: i2c_basic.elf
Invoking: MCU GCC Linker
arm-none-eabi-gcc -mcpu=cortex-m4 -mthumb -mfloat-abi=hard -mfpu=fpv4-sp-d16 -specs=nosys.specs -specs=nano.specs -T"../STM32F446RETx_FLASH.ld" -Wl,-Map=output.map -Wl,--gc-sections -o "i2c_basic.elf" @"objects.list"   -lm
Finished building target: i2c_basic.elf
 
make --no-print-directory post-build
Generating hex and Printing size information:
arm-none-eabi-objcopy -O ihex "i2c_basic.elf" "i2c_basic.hex"
arm-none-eabi-size "i2c_basic.elf"
   text	   data	    bss	    dec	    hex	filename
  15268	    120	  78920	  94308	  17064	i2c_basic.elf
 
22:50:46 **** Incremental Build of configuration Debug for project i2c_basic ****
make all 
Building file: ../Src/main.c
Invoking: MCU GCC Compiler
C:\Users\arkadiusz.zelazowski\STMworkspace\i2c_basic\Debug
arm-none-eabi-gcc -mcpu=cortex-m4 -mthumb -mfloat-abi=hard -mfpu=fpv4-sp-d16 '-D__weak=__attribute__((weak))' '-D__packed=__attribute__((__packed__))' -DUSE_HAL_DRIVER -DSTM32F446xx -I"C:/Users/arkadiusz.zelazowski/STMworkspace/i2c_basic/Inc" -I"C:/Users/arkadiusz.zelazowski/STMworkspace/i2c_basic/Drivers/STM32F4xx_HAL_Driver/Inc" -I"C:/Users/arkadiusz.zelazowski/STMworkspace/i2c_basic/Drivers/STM32F4xx_HAL_Driver/Inc/Legacy" -I"C:/Users/arkadiusz.zelazowski/STMworkspace/i2c_basic/Drivers/CMSIS/Device/ST/STM32F4xx/Include" -I"C:/Users/arkadiusz.zelazowski/STMworkspace/i2c_basic/Drivers/CMSIS/Include"  -Og -g3 -Wall -fmessage-length=0 -ffunction-sections -c -fmessage-length=0 -MMD -MP -MF"Src/main.d" -MT"Src/main.o" -o "Src/main.o" "../Src/main.c"
../Src/main.c: In function 'main':
../Src/main.c:190:67: error: expected ')' before '{' token
    while( (HAL_GPIO_ReadPin(GPIOC, GPIO_PIN_9) == GPIO_PIN_RESET ){
                                                                   ^
../Src/main.c:196:4: error: expected expression before '}' token
    }//end of VS
    ^
../Src/main.c:205:4: warning: implicit declaration of function 'printf' [-Wimplicit-function-declaration]
    printf("\r\nhscnt: %d\r\n", line);
    ^~~~~~
../Src/main.c:205:4: warning: incompatible implicit declaration of built-in function 'printf'
../Src/main.c:205:4: note: include '<stdio.h>' or provide a declaration of 'printf'
../Src/main.c:162:12: warning: unused variable 'data' [-Wunused-variable]
   uint32_t data;
            ^~~~
../Src/main.c: In function 'MX_TIM6_Init':
../Src/main.c:390:3: warning: incompatible implicit declaration of built-in function 'printf'
   printf("tim setup done 6\r\n");
   ^~~~~~
../Src/main.c:390:3: note: include '<stdio.h>' or provide a declaration of 'printf'
../Src/main.c: In function 'Error_Handler':
../Src/main.c:506:2: warning: incompatible implicit declaration of built-in function 'printf'
  printf("ERROR!");
  ^~~~~~
../Src/main.c:506:2: note: include '<stdio.h>' or provide a declaration of 'printf'
Src/subdir.mk:42: recipe for target 'Src/main.o' failed
make: *** [Src/main.o] Error 1
22:51:40 **** Incremental Build of configuration Debug for project i2c_basic ****
make all 
Building file: ../Src/main.c
Invoking: MCU GCC Compiler
C:\Users\arkadiusz.zelazowski\STMworkspace\i2c_basic\Debug
arm-none-eabi-gcc -mcpu=cortex-m4 -mthumb -mfloat-abi=hard -mfpu=fpv4-sp-d16 '-D__weak=__attribute__((weak))' '-D__packed=__attribute__((__packed__))' -DUSE_HAL_DRIVER -DSTM32F446xx -I"C:/Users/arkadiusz.zelazowski/STMworkspace/i2c_basic/Inc" -I"C:/Users/arkadiusz.zelazowski/STMworkspace/i2c_basic/Drivers/STM32F4xx_HAL_Driver/Inc" -I"C:/Users/arkadiusz.zelazowski/STMworkspace/i2c_basic/Drivers/STM32F4xx_HAL_Driver/Inc/Legacy" -I"C:/Users/arkadiusz.zelazowski/STMworkspace/i2c_basic/Drivers/CMSIS/Device/ST/STM32F4xx/Include" -I"C:/Users/arkadiusz.zelazowski/STMworkspace/i2c_basic/Drivers/CMSIS/Include"  -Og -g3 -Wall -fmessage-length=0 -ffunction-sections -c -fmessage-length=0 -MMD -MP -MF"Src/main.d" -MT"Src/main.o" -o "Src/main.o" "../Src/main.c"
../Src/main.c: In function 'main':
../Src/main.c:205:4: warning: implicit declaration of function 'printf' [-Wimplicit-function-declaration]
    printf("\r\nhscnt: %d\r\n", line);
    ^~~~~~
../Src/main.c:205:4: warning: incompatible implicit declaration of built-in function 'printf'
../Src/main.c:205:4: note: include '<stdio.h>' or provide a declaration of 'printf'
../Src/main.c:162:12: warning: unused variable 'data' [-Wunused-variable]
   uint32_t data;
            ^~~~
../Src/main.c: In function 'MX_TIM6_Init':
../Src/main.c:390:3: warning: incompatible implicit declaration of built-in function 'printf'
   printf("tim setup done 6\r\n");
   ^~~~~~
../Src/main.c:390:3: note: include '<stdio.h>' or provide a declaration of 'printf'
../Src/main.c: In function 'Error_Handler':
../Src/main.c:506:2: warning: incompatible implicit declaration of built-in function 'printf'
  printf("ERROR!");
  ^~~~~~
../Src/main.c:506:2: note: include '<stdio.h>' or provide a declaration of 'printf'
Finished building: ../Src/main.c
 
Building target: i2c_basic.elf
Invoking: MCU GCC Linker
arm-none-eabi-gcc -mcpu=cortex-m4 -mthumb -mfloat-abi=hard -mfpu=fpv4-sp-d16 -specs=nosys.specs -specs=nano.specs -T"../STM32F446RETx_FLASH.ld" -Wl,-Map=output.map -Wl,--gc-sections -o "i2c_basic.elf" @"objects.list"   -lm
23:00:57 **** Build of configuration Debug for project i2c_basic ****
make all 
make: Nothing to be done for 'all'.
23:02:54 **** Incremental Build of configuration Debug for project i2c_basic ****
make all 
Building file: ../Src/main.c
Invoking: MCU GCC Compiler
C:\Users\arkadiusz.zelazowski\STMworkspace\i2c_basic\Debug
arm-none-eabi-gcc -mcpu=cortex-m4 -mthumb -mfloat-abi=hard -mfpu=fpv4-sp-d16 '-D__weak=__attribute__((weak))' '-D__packed=__attribute__((__packed__))' -DUSE_HAL_DRIVER -DSTM32F446xx -I"C:/Users/arkadiusz.zelazowski/STMworkspace/i2c_basic/Inc" -I"C:/Users/arkadiusz.zelazowski/STMworkspace/i2c_basic/Drivers/STM32F4xx_HAL_Driver/Inc" -I"C:/Users/arkadiusz.zelazowski/STMworkspace/i2c_basic/Drivers/STM32F4xx_HAL_Driver/Inc/Legacy" -I"C:/Users/arkadiusz.zelazowski/STMworkspace/i2c_basic/Drivers/CMSIS/Device/ST/STM32F4xx/Include" -I"C:/Users/arkadiusz.zelazowski/STMworkspace/i2c_basic/Drivers/CMSIS/Include"  -Og -g3 -Wall -fmessage-length=0 -ffunction-sections -c -fmessage-length=0 -MMD -MP -MF"Src/main.d" -MT"Src/main.o" -o "Src/main.o" "../Src/main.c"
../Src/main.c: In function 'main':
../Src/main.c:208:4: warning: implicit declaration of function 'printf' [-Wimplicit-function-declaration]
    printf("\r\nhscnt: %d\r\n", line);
    ^~~~~~
../Src/main.c:208:4: warning: incompatible implicit declaration of built-in function 'printf'
../Src/main.c:208:4: note: include '<stdio.h>' or provide a declaration of 'printf'
../Src/main.c:162:12: warning: unused variable 'data' [-Wunused-variable]
   uint32_t data;
            ^~~~
../Src/main.c: In function 'MX_TIM6_Init':
../Src/main.c:393:3: warning: incompatible implicit declaration of built-in function 'printf'
   printf("tim setup done 6\r\n");
   ^~~~~~
../Src/main.c:393:3: note: include '<stdio.h>' or provide a declaration of 'printf'
../Src/main.c: In function 'Error_Handler':
../Src/main.c:509:2: warning: incompatible implicit declaration of built-in function 'printf'
  printf("ERROR!");
  ^~~~~~
../Src/main.c:509:2: note: include '<stdio.h>' or provide a declaration of 'printf'
Finished building: ../Src/main.c
 
Building target: i2c_basic.elf
Invoking: MCU GCC Linker
arm-none-eabi-gcc -mcpu=cortex-m4 -mthumb -mfloat-abi=hard -mfpu=fpv4-sp-d16 -specs=nosys.specs -specs=nano.specs -T"../STM32F446RETx_FLASH.ld" -Wl,-Map=output.map -Wl,--gc-sections -o "i2c_basic.elf" @"objects.list"   -lm
Finished building target: i2c_basic.elf
 
make --no-print-directory post-build
Generating hex and Printing size information:
arm-none-eabi-objcopy -O ihex "i2c_basic.elf" "i2c_basic.hex"
arm-none-eabi-size "i2c_basic.elf"
   text	   data	    bss	    dec	    hex	filename
  15272	    120	  78920	  94312	  17068	i2c_basic.elf
 
23:04:18 **** Incremental Build of configuration Debug for project i2c_basic ****
make all 
Building file: ../Src/main.c
Invoking: MCU GCC Compiler
C:\Users\arkadiusz.zelazowski\STMworkspace\i2c_basic\Debug
arm-none-eabi-gcc -mcpu=cortex-m4 -mthumb -mfloat-abi=hard -mfpu=fpv4-sp-d16 '-D__weak=__attribute__((weak))' '-D__packed=__attribute__((__packed__))' -DUSE_HAL_DRIVER -DSTM32F446xx -I"C:/Users/arkadiusz.zelazowski/STMworkspace/i2c_basic/Inc" -I"C:/Users/arkadiusz.zelazowski/STMworkspace/i2c_basic/Drivers/STM32F4xx_HAL_Driver/Inc" -I"C:/Users/arkadiusz.zelazowski/STMworkspace/i2c_basic/Drivers/STM32F4xx_HAL_Driver/Inc/Legacy" -I"C:/Users/arkadiusz.zelazowski/STMworkspace/i2c_basic/Drivers/CMSIS/Device/ST/STM32F4xx/Include" -I"C:/Users/arkadiusz.zelazowski/STMworkspace/i2c_basic/Drivers/CMSIS/Include"  -Og -g3 -Wall -fmessage-length=0 -ffunction-sections -c -fmessage-length=0 -MMD -MP -MF"Src/main.d" -MT"Src/main.o" -o "Src/main.o" "../Src/main.c"
../Src/main.c: In function 'main':
../Src/main.c:208:4: warning: implicit declaration of function 'printf' [-Wimplicit-function-declaration]
    printf("\r\nhscnt: %d\r\n", line);
    ^~~~~~
../Src/main.c:208:4: warning: incompatible implicit declaration of built-in function 'printf'
../Src/main.c:208:4: note: include '<stdio.h>' or provide a declaration of 'printf'
../Src/main.c:162:12: warning: unused variable 'data' [-Wunused-variable]
   uint32_t data;
            ^~~~
../Src/main.c: In function 'MX_TIM6_Init':
../Src/main.c:393:3: warning: incompatible implicit declaration of built-in function 'printf'
   printf("tim setup done 6\r\n");
   ^~~~~~
../Src/main.c:393:3: note: include '<stdio.h>' or provide a declaration of 'printf'
../Src/main.c: In function 'Error_Handler':
../Src/main.c:509:2: warning: incompatible implicit declaration of built-in function 'printf'
  printf("ERROR!");
  ^~~~~~
../Src/main.c:509:2: note: include '<stdio.h>' or provide a declaration of 'printf'
Finished building: ../Src/main.c
 
Building target: i2c_basic.elf
Invoking: MCU GCC Linker
arm-none-eabi-gcc -mcpu=cortex-m4 -mthumb -mfloat-abi=hard -mfpu=fpv4-sp-d16 -specs=nosys.specs -specs=nano.specs -T"../STM32F446RETx_FLASH.ld" -Wl,-Map=output.map -Wl,--gc-sections -o "i2c_basic.elf" @"objects.list"   -lm
Finished building target: i2c_basic.elf
 
make --no-print-directory post-build
Generating hex and Printing size information:
arm-none-eabi-objcopy -O ihex "i2c_basic.elf" "i2c_basic.hex"
arm-none-eabi-size "i2c_basic.elf"
   text	   data	    bss	    dec	    hex	filename
  15272	    120	  78920	  94312	  17068	i2c_basic.elf
 
23:07:45 **** Incremental Build of configuration Debug for project i2c_basic ****
make all 
Building file: ../Src/main.c
Invoking: MCU GCC Compiler
C:\Users\arkadiusz.zelazowski\STMworkspace\i2c_basic\Debug
arm-none-eabi-gcc -mcpu=cortex-m4 -mthumb -mfloat-abi=hard -mfpu=fpv4-sp-d16 '-D__weak=__attribute__((weak))' '-D__packed=__attribute__((__packed__))' -DUSE_HAL_DRIVER -DSTM32F446xx -I"C:/Users/arkadiusz.zelazowski/STMworkspace/i2c_basic/Inc" -I"C:/Users/arkadiusz.zelazowski/STMworkspace/i2c_basic/Drivers/STM32F4xx_HAL_Driver/Inc" -I"C:/Users/arkadiusz.zelazowski/STMworkspace/i2c_basic/Drivers/STM32F4xx_HAL_Driver/Inc/Legacy" -I"C:/Users/arkadiusz.zelazowski/STMworkspace/i2c_basic/Drivers/CMSIS/Device/ST/STM32F4xx/Include" -I"C:/Users/arkadiusz.zelazowski/STMworkspace/i2c_basic/Drivers/CMSIS/Include"  -Og -g3 -Wall -fmessage-length=0 -ffunction-sections -c -fmessage-length=0 -MMD -MP -MF"Src/main.d" -MT"Src/main.o" -o "Src/main.o" "../Src/main.c"
../Src/main.c: In function 'main':
../Src/main.c:208:4: warning: implicit declaration of function 'printf' [-Wimplicit-function-declaration]
    printf("\r\nhscnt: %d\r\n", line);
    ^~~~~~
../Src/main.c:208:4: warning: incompatible implicit declaration of built-in function 'printf'
../Src/main.c:208:4: note: include '<stdio.h>' or provide a declaration of 'printf'
../Src/main.c:162:12: warning: unused variable 'data' [-Wunused-variable]
   uint32_t data;
            ^~~~
../Src/main.c: In function 'MX_TIM6_Init':
../Src/main.c:393:3: warning: incompatible implicit declaration of built-in function 'printf'
   printf("tim setup done 6\r\n");
   ^~~~~~
../Src/main.c:393:3: note: include '<stdio.h>' or provide a declaration of 'printf'
../Src/main.c: In function 'Error_Handler':
../Src/main.c:509:2: warning: incompatible implicit declaration of built-in function 'printf'
  printf("ERROR!");
  ^~~~~~
../Src/main.c:509:2: note: include '<stdio.h>' or provide a declaration of 'printf'
Finished building: ../Src/main.c
 
Building target: i2c_basic.elf
Invoking: MCU GCC Linker
arm-none-eabi-gcc -mcpu=cortex-m4 -mthumb -mfloat-abi=hard -mfpu=fpv4-sp-d16 -specs=nosys.specs -specs=nano.specs -T"../STM32F446RETx_FLASH.ld" -Wl,-Map=output.map -Wl,--gc-sections -o "i2c_basic.elf" @"objects.list"   -lm
Finished building target: i2c_basic.elf
 
make --no-print-directory post-build
Generating hex and Printing size information:
arm-none-eabi-objcopy -O ihex "i2c_basic.elf" "i2c_basic.hex"
arm-none-eabi-size "i2c_basic.elf"
   text	   data	    bss	    dec	    hex	filename
  15228	    120	  78920	  94268	  1703c	i2c_basic.elf
 
23:11:10 **** Incremental Build of configuration Debug for project i2c_basic ****
make all 
Building file: ../Src/main.c
Invoking: MCU GCC Compiler
C:\Users\arkadiusz.zelazowski\STMworkspace\i2c_basic\Debug
arm-none-eabi-gcc -mcpu=cortex-m4 -mthumb -mfloat-abi=hard -mfpu=fpv4-sp-d16 '-D__weak=__attribute__((weak))' '-D__packed=__attribute__((__packed__))' -DUSE_HAL_DRIVER -DSTM32F446xx -I"C:/Users/arkadiusz.zelazowski/STMworkspace/i2c_basic/Inc" -I"C:/Users/arkadiusz.zelazowski/STMworkspace/i2c_basic/Drivers/STM32F4xx_HAL_Driver/Inc" -I"C:/Users/arkadiusz.zelazowski/STMworkspace/i2c_basic/Drivers/STM32F4xx_HAL_Driver/Inc/Legacy" -I"C:/Users/arkadiusz.zelazowski/STMworkspace/i2c_basic/Drivers/CMSIS/Device/ST/STM32F4xx/Include" -I"C:/Users/arkadiusz.zelazowski/STMworkspace/i2c_basic/Drivers/CMSIS/Include"  -Og -g3 -Wall -fmessage-length=0 -ffunction-sections -c -fmessage-length=0 -MMD -MP -MF"Src/main.d" -MT"Src/main.o" -o "Src/main.o" "../Src/main.c"
../Src/main.c: In function 'main':
../Src/main.c:208:4: warning: implicit declaration of function 'printf' [-Wimplicit-function-declaration]
    printf("\r\nhscnt: %d\r\n", line);
    ^~~~~~
../Src/main.c:208:4: warning: incompatible implicit declaration of built-in function 'printf'
../Src/main.c:208:4: note: include '<stdio.h>' or provide a declaration of 'printf'
../Src/main.c:162:12: warning: unused variable 'data' [-Wunused-variable]
   uint32_t data;
            ^~~~
../Src/main.c: In function 'MX_TIM6_Init':
../Src/main.c:393:3: warning: incompatible implicit declaration of built-in function 'printf'
   printf("tim setup done 6\r\n");
   ^~~~~~
../Src/main.c:393:3: note: include '<stdio.h>' or provide a declaration of 'printf'
../Src/main.c: In function 'Error_Handler':
../Src/main.c:509:2: warning: incompatible implicit declaration of built-in function 'printf'
  printf("ERROR!");
  ^~~~~~
../Src/main.c:509:2: note: include '<stdio.h>' or provide a declaration of 'printf'
Finished building: ../Src/main.c
 
Building file: ../Src/stm32f4xx_it.c
Invoking: MCU GCC Compiler
C:\Users\arkadiusz.zelazowski\STMworkspace\i2c_basic\Debug
arm-none-eabi-gcc -mcpu=cortex-m4 -mthumb -mfloat-abi=hard -mfpu=fpv4-sp-d16 '-D__weak=__attribute__((weak))' '-D__packed=__attribute__((__packed__))' -DUSE_HAL_DRIVER -DSTM32F446xx -I"C:/Users/arkadiusz.zelazowski/STMworkspace/i2c_basic/Inc" -I"C:/Users/arkadiusz.zelazowski/STMworkspace/i2c_basic/Drivers/STM32F4xx_HAL_Driver/Inc" -I"C:/Users/arkadiusz.zelazowski/STMworkspace/i2c_basic/Drivers/STM32F4xx_HAL_Driver/Inc/Legacy" -I"C:/Users/arkadiusz.zelazowski/STMworkspace/i2c_basic/Drivers/CMSIS/Device/ST/STM32F4xx/Include" -I"C:/Users/arkadiusz.zelazowski/STMworkspace/i2c_basic/Drivers/CMSIS/Include"  -Og -g3 -Wall -fmessage-length=0 -ffunction-sections -c -fmessage-length=0 -MMD -MP -MF"Src/stm32f4xx_it.d" -MT"Src/stm32f4xx_it.o" -o "Src/stm32f4xx_it.o" "../Src/stm32f4xx_it.c"
../Src/stm32f4xx_it.c: In function 'TIM6_DAC_IRQHandler':
../Src/stm32f4xx_it.c:214:2: warning: implicit declaration of function 'printf' [-Wimplicit-function-declaration]
  printf("hello\r\n");
  ^~~~~~
../Src/stm32f4xx_it.c:214:2: warning: incompatible implicit declaration of built-in function 'printf'
../Src/stm32f4xx_it.c:214:2: note: include '<stdio.h>' or provide a declaration of 'printf'
Finished building: ../Src/stm32f4xx_it.c
 
Building target: i2c_basic.elf
Invoking: MCU GCC Linker
arm-none-eabi-gcc -mcpu=cortex-m4 -mthumb -mfloat-abi=hard -mfpu=fpv4-sp-d16 -specs=nosys.specs -specs=nano.specs -T"../STM32F446RETx_FLASH.ld" -Wl,-Map=output.map -Wl,--gc-sections -o "i2c_basic.elf" @"objects.list"   -lm
Finished building target: i2c_basic.elf
 
make --no-print-directory post-build
Generating hex and Printing size information:
arm-none-eabi-objcopy -O ihex "i2c_basic.elf" "i2c_basic.hex"
arm-none-eabi-size "i2c_basic.elf"
   text	   data	    bss	    dec	    hex	filename
  15288	    120	  78920	  94328	  17078	i2c_basic.elf
 
23:11:49 **** Incremental Build of configuration Debug for project i2c_basic ****
make all 
Building file: ../Src/main.c
Invoking: MCU GCC Compiler
C:\Users\arkadiusz.zelazowski\STMworkspace\i2c_basic\Debug
arm-none-eabi-gcc -mcpu=cortex-m4 -mthumb -mfloat-abi=hard -mfpu=fpv4-sp-d16 '-D__weak=__attribute__((weak))' '-D__packed=__attribute__((__packed__))' -DUSE_HAL_DRIVER -DSTM32F446xx -I"C:/Users/arkadiusz.zelazowski/STMworkspace/i2c_basic/Inc" -I"C:/Users/arkadiusz.zelazowski/STMworkspace/i2c_basic/Drivers/STM32F4xx_HAL_Driver/Inc" -I"C:/Users/arkadiusz.zelazowski/STMworkspace/i2c_basic/Drivers/STM32F4xx_HAL_Driver/Inc/Legacy" -I"C:/Users/arkadiusz.zelazowski/STMworkspace/i2c_basic/Drivers/CMSIS/Device/ST/STM32F4xx/Include" -I"C:/Users/arkadiusz.zelazowski/STMworkspace/i2c_basic/Drivers/CMSIS/Include"  -Og -g3 -Wall -fmessage-length=0 -ffunction-sections -c -fmessage-length=0 -MMD -MP -MF"Src/main.d" -MT"Src/main.o" -o "Src/main.o" "../Src/main.c"
../Src/main.c: In function 'main':
../Src/main.c:208:4: warning: implicit declaration of function 'printf' [-Wimplicit-function-declaration]
    printf("\r\nhscnt: %d\r\n", line);
    ^~~~~~
../Src/main.c:208:4: warning: incompatible implicit declaration of built-in function 'printf'
../Src/main.c:208:4: note: include '<stdio.h>' or provide a declaration of 'printf'
../Src/main.c:162:12: warning: unused variable 'data' [-Wunused-variable]
   uint32_t data;
            ^~~~
../Src/main.c: In function 'MX_TIM6_Init':
../Src/main.c:393:3: warning: incompatible implicit declaration of built-in function 'printf'
   printf("tim setup done 6\r\n");
   ^~~~~~
../Src/main.c:393:3: note: include '<stdio.h>' or provide a declaration of 'printf'
../Src/main.c: In function 'Error_Handler':
../Src/main.c:509:2: warning: incompatible implicit declaration of built-in function 'printf'
  printf("ERROR!");
  ^~~~~~
../Src/main.c:509:2: note: include '<stdio.h>' or provide a declaration of 'printf'
Finished building: ../Src/main.c
 
Building target: i2c_basic.elf
Invoking: MCU GCC Linker
arm-none-eabi-gcc -mcpu=cortex-m4 -mthumb -mfloat-abi=hard -mfpu=fpv4-sp-d16 -specs=nosys.specs -specs=nano.specs -T"../STM32F446RETx_FLASH.ld" -Wl,-Map=output.map -Wl,--gc-sections -o "i2c_basic.elf" @"objects.list"   -lm
Finished building target: i2c_basic.elf
 
make --no-print-directory post-build
Generating hex and Printing size information:
arm-none-eabi-objcopy -O ihex "i2c_basic.elf" "i2c_basic.hex"
arm-none-eabi-size "i2c_basic.elf"
   text	   data	    bss	    dec	    hex	filename
  15244	    120	  78920	  94284	  1704c	i2c_basic.elf
 
23:17:12 **** Incremental Build of configuration Debug for project i2c_basic ****
make all 
Building file: ../Src/main.c
Invoking: MCU GCC Compiler
C:\Users\arkadiusz.zelazowski\STMworkspace\i2c_basic\Debug
arm-none-eabi-gcc -mcpu=cortex-m4 -mthumb -mfloat-abi=hard -mfpu=fpv4-sp-d16 '-D__weak=__attribute__((weak))' '-D__packed=__attribute__((__packed__))' -DUSE_HAL_DRIVER -DSTM32F446xx -I"C:/Users/arkadiusz.zelazowski/STMworkspace/i2c_basic/Inc" -I"C:/Users/arkadiusz.zelazowski/STMworkspace/i2c_basic/Drivers/STM32F4xx_HAL_Driver/Inc" -I"C:/Users/arkadiusz.zelazowski/STMworkspace/i2c_basic/Drivers/STM32F4xx_HAL_Driver/Inc/Legacy" -I"C:/Users/arkadiusz.zelazowski/STMworkspace/i2c_basic/Drivers/CMSIS/Device/ST/STM32F4xx/Include" -I"C:/Users/arkadiusz.zelazowski/STMworkspace/i2c_basic/Drivers/CMSIS/Include"  -Og -g3 -Wall -fmessage-length=0 -ffunction-sections -c -fmessage-length=0 -MMD -MP -MF"Src/main.d" -MT"Src/main.o" -o "Src/main.o" "../Src/main.c"
../Src/main.c: In function 'main':
../Src/main.c:211:4: warning: implicit declaration of function 'printf' [-Wimplicit-function-declaration]
    printf("\r\nhscnt: %d\r\n", line);
    ^~~~~~
../Src/main.c:211:4: warning: incompatible implicit declaration of built-in function 'printf'
../Src/main.c:211:4: note: include '<stdio.h>' or provide a declaration of 'printf'
../Src/main.c:162:12: warning: unused variable 'data' [-Wunused-variable]
   uint32_t data;
            ^~~~
../Src/main.c: In function 'MX_TIM6_Init':
../Src/main.c:396:3: warning: incompatible implicit declaration of built-in function 'printf'
   printf("tim setup done 6\r\n");
   ^~~~~~
../Src/main.c:396:3: note: include '<stdio.h>' or provide a declaration of 'printf'
../Src/main.c: In function 'Error_Handler':
../Src/main.c:512:2: warning: incompatible implicit declaration of built-in function 'printf'
  printf("ERROR!");
  ^~~~~~
../Src/main.c:512:2: note: include '<stdio.h>' or provide a declaration of 'printf'
Finished building: ../Src/main.c
 
Building file: ../Src/stm32f4xx_it.c
Invoking: MCU GCC Compiler
C:\Users\arkadiusz.zelazowski\STMworkspace\i2c_basic\Debug
arm-none-eabi-gcc -mcpu=cortex-m4 -mthumb -mfloat-abi=hard -mfpu=fpv4-sp-d16 '-D__weak=__attribute__((weak))' '-D__packed=__attribute__((__packed__))' -DUSE_HAL_DRIVER -DSTM32F446xx -I"C:/Users/arkadiusz.zelazowski/STMworkspace/i2c_basic/Inc" -I"C:/Users/arkadiusz.zelazowski/STMworkspace/i2c_basic/Drivers/STM32F4xx_HAL_Driver/Inc" -I"C:/Users/arkadiusz.zelazowski/STMworkspace/i2c_basic/Drivers/STM32F4xx_HAL_Driver/Inc/Legacy" -I"C:/Users/arkadiusz.zelazowski/STMworkspace/i2c_basic/Drivers/CMSIS/Device/ST/STM32F4xx/Include" -I"C:/Users/arkadiusz.zelazowski/STMworkspace/i2c_basic/Drivers/CMSIS/Include"  -Og -g3 -Wall -fmessage-length=0 -ffunction-sections -c -fmessage-length=0 -MMD -MP -MF"Src/stm32f4xx_it.d" -MT"Src/stm32f4xx_it.o" -o "Src/stm32f4xx_it.o" "../Src/stm32f4xx_it.c"
../Src/stm32f4xx_it.c: In function 'TIM6_DAC_IRQHandler':
../Src/stm32f4xx_it.c:214:2: warning: implicit declaration of function 'printf' [-Wimplicit-function-declaration]
  printf("tim6int\r\n");
  ^~~~~~
../Src/stm32f4xx_it.c:214:2: warning: incompatible implicit declaration of built-in function 'printf'
../Src/stm32f4xx_it.c:214:2: note: include '<stdio.h>' or provide a declaration of 'printf'
Finished building: ../Src/stm32f4xx_it.c
 
Building target: i2c_basic.elf
Invoking: MCU GCC Linker
arm-none-eabi-gcc -mcpu=cortex-m4 -mthumb -mfloat-abi=hard -mfpu=fpv4-sp-d16 -specs=nosys.specs -specs=nano.specs -T"../STM32F446RETx_FLASH.ld" -Wl,-Map=output.map -Wl,--gc-sections -o "i2c_basic.elf" @"objects.list"   -lm
Finished building target: i2c_basic.elf
 
make --no-print-directory post-build
Generating hex and Printing size information:
arm-none-eabi-objcopy -O ihex "i2c_basic.elf" "i2c_basic.hex"
arm-none-eabi-size "i2c_basic.elf"
   text	   data	    bss	    dec	    hex	filename
  15276	    120	  78920	  94316	  1706c	i2c_basic.elf
 
23:19:46 **** Incremental Build of configuration Debug for project i2c_basic ****
make all 
Building file: ../Src/main.c
Invoking: MCU GCC Compiler
C:\Users\arkadiusz.zelazowski\STMworkspace\i2c_basic\Debug
arm-none-eabi-gcc -mcpu=cortex-m4 -mthumb -mfloat-abi=hard -mfpu=fpv4-sp-d16 '-D__weak=__attribute__((weak))' '-D__packed=__attribute__((__packed__))' -DUSE_HAL_DRIVER -DSTM32F446xx -I"C:/Users/arkadiusz.zelazowski/STMworkspace/i2c_basic/Inc" -I"C:/Users/arkadiusz.zelazowski/STMworkspace/i2c_basic/Drivers/STM32F4xx_HAL_Driver/Inc" -I"C:/Users/arkadiusz.zelazowski/STMworkspace/i2c_basic/Drivers/STM32F4xx_HAL_Driver/Inc/Legacy" -I"C:/Users/arkadiusz.zelazowski/STMworkspace/i2c_basic/Drivers/CMSIS/Device/ST/STM32F4xx/Include" -I"C:/Users/arkadiusz.zelazowski/STMworkspace/i2c_basic/Drivers/CMSIS/Include"  -Og -g3 -Wall -fmessage-length=0 -ffunction-sections -c -fmessage-length=0 -MMD -MP -MF"Src/main.d" -MT"Src/main.o" -o "Src/main.o" "../Src/main.c"
../Src/main.c: In function 'main':
../Src/main.c:211:4: warning: implicit declaration of function 'printf' [-Wimplicit-function-declaration]
    printf("\r\nhscnt: %d\r\n", line);
    ^~~~~~
../Src/main.c:211:4: warning: incompatible implicit declaration of built-in function 'printf'
../Src/main.c:211:4: note: include '<stdio.h>' or provide a declaration of 'printf'
../Src/main.c:162:12: warning: unused variable 'data' [-Wunused-variable]
   uint32_t data;
            ^~~~
../Src/main.c: In function 'MX_TIM6_Init':
../Src/main.c:396:3: warning: incompatible implicit declaration of built-in function 'printf'
   printf("tim setup done 6\r\n");
   ^~~~~~
../Src/main.c:396:3: note: include '<stdio.h>' or provide a declaration of 'printf'
../Src/main.c: In function 'Error_Handler':
../Src/main.c:512:2: warning: incompatible implicit declaration of built-in function 'printf'
  printf("ERROR!");
  ^~~~~~
../Src/main.c:512:2: note: include '<stdio.h>' or provide a declaration of 'printf'
Finished building: ../Src/main.c
 
Building target: i2c_basic.elf
Invoking: MCU GCC Linker
arm-none-eabi-gcc -mcpu=cortex-m4 -mthumb -mfloat-abi=hard -mfpu=fpv4-sp-d16 -specs=nosys.specs -specs=nano.specs -T"../STM32F446RETx_FLASH.ld" -Wl,-Map=output.map -Wl,--gc-sections -o "i2c_basic.elf" @"objects.list"   -lm
Finished building target: i2c_basic.elf
 
make --no-print-directory post-build
Generating hex and Printing size information:
arm-none-eabi-objcopy -O ihex "i2c_basic.elf" "i2c_basic.hex"
arm-none-eabi-size "i2c_basic.elf"
   text	   data	    bss	    dec	    hex	filename
  15268	    120	  78920	  94308	  17064	i2c_basic.elf
 
23:25:36 **** Incremental Build of configuration Debug for project i2c_basic ****
make all 
Building file: ../Src/main.c
Invoking: MCU GCC Compiler
C:\Users\arkadiusz.zelazowski\STMworkspace\i2c_basic\Debug
arm-none-eabi-gcc -mcpu=cortex-m4 -mthumb -mfloat-abi=hard -mfpu=fpv4-sp-d16 '-D__weak=__attribute__((weak))' '-D__packed=__attribute__((__packed__))' -DUSE_HAL_DRIVER -DSTM32F446xx -I"C:/Users/arkadiusz.zelazowski/STMworkspace/i2c_basic/Inc" -I"C:/Users/arkadiusz.zelazowski/STMworkspace/i2c_basic/Drivers/STM32F4xx_HAL_Driver/Inc" -I"C:/Users/arkadiusz.zelazowski/STMworkspace/i2c_basic/Drivers/STM32F4xx_HAL_Driver/Inc/Legacy" -I"C:/Users/arkadiusz.zelazowski/STMworkspace/i2c_basic/Drivers/CMSIS/Device/ST/STM32F4xx/Include" -I"C:/Users/arkadiusz.zelazowski/STMworkspace/i2c_basic/Drivers/CMSIS/Include"  -Og -g3 -Wall -fmessage-length=0 -ffunction-sections -c -fmessage-length=0 -MMD -MP -MF"Src/main.d" -MT"Src/main.o" -o "Src/main.o" "../Src/main.c"
../Src/main.c: In function 'main':
../Src/main.c:208:4: warning: implicit declaration of function 'printf' [-Wimplicit-function-declaration]
    printf("\r\nhscnt: %d\r\n", line);
    ^~~~~~
../Src/main.c:208:4: warning: incompatible implicit declaration of built-in function 'printf'
../Src/main.c:208:4: note: include '<stdio.h>' or provide a declaration of 'printf'
../Src/main.c:162:12: warning: unused variable 'data' [-Wunused-variable]
   uint32_t data;
            ^~~~
../Src/main.c: In function 'MX_TIM6_Init':
../Src/main.c:393:3: warning: incompatible implicit declaration of built-in function 'printf'
   printf("tim setup done 6\r\n");
   ^~~~~~
../Src/main.c:393:3: note: include '<stdio.h>' or provide a declaration of 'printf'
../Src/main.c: In function 'Error_Handler':
../Src/main.c:509:2: warning: incompatible implicit declaration of built-in function 'printf'
  printf("ERROR!");
  ^~~~~~
../Src/main.c:509:2: note: include '<stdio.h>' or provide a declaration of 'printf'
Finished building: ../Src/main.c
 
Building target: i2c_basic.elf
Invoking: MCU GCC Linker
arm-none-eabi-gcc -mcpu=cortex-m4 -mthumb -mfloat-abi=hard -mfpu=fpv4-sp-d16 -specs=nosys.specs -specs=nano.specs -T"../STM32F446RETx_FLASH.ld" -Wl,-Map=output.map -Wl,--gc-sections -o "i2c_basic.elf" @"objects.list"   -lm
Finished building target: i2c_basic.elf
 
make --no-print-directory post-build
Generating hex and Printing size information:
arm-none-eabi-objcopy -O ihex "i2c_basic.elf" "i2c_basic.hex"
arm-none-eabi-size "i2c_basic.elf"
   text	   data	    bss	    dec	    hex	filename
  15272	    120	  78920	  94312	  17068	i2c_basic.elf
 
23:28:34 **** Incremental Build of configuration Debug for project i2c_basic ****
make all 
Building file: ../Src/main.c
Invoking: MCU GCC Compiler
C:\Users\arkadiusz.zelazowski\STMworkspace\i2c_basic\Debug
arm-none-eabi-gcc -mcpu=cortex-m4 -mthumb -mfloat-abi=hard -mfpu=fpv4-sp-d16 '-D__weak=__attribute__((weak))' '-D__packed=__attribute__((__packed__))' -DUSE_HAL_DRIVER -DSTM32F446xx -I"C:/Users/arkadiusz.zelazowski/STMworkspace/i2c_basic/Inc" -I"C:/Users/arkadiusz.zelazowski/STMworkspace/i2c_basic/Drivers/STM32F4xx_HAL_Driver/Inc" -I"C:/Users/arkadiusz.zelazowski/STMworkspace/i2c_basic/Drivers/STM32F4xx_HAL_Driver/Inc/Legacy" -I"C:/Users/arkadiusz.zelazowski/STMworkspace/i2c_basic/Drivers/CMSIS/Device/ST/STM32F4xx/Include" -I"C:/Users/arkadiusz.zelazowski/STMworkspace/i2c_basic/Drivers/CMSIS/Include"  -Og -g3 -Wall -fmessage-length=0 -ffunction-sections -c -fmessage-length=0 -MMD -MP -MF"Src/main.d" -MT"Src/main.o" -o "Src/main.o" "../Src/main.c"
../Src/main.c: In function 'main':
../Src/main.c:211:4: warning: implicit declaration of function 'printf' [-Wimplicit-function-declaration]
    printf("\r\nhscnt: %d\r\n", line);
    ^~~~~~
../Src/main.c:211:4: warning: incompatible implicit declaration of built-in function 'printf'
../Src/main.c:211:4: note: include '<stdio.h>' or provide a declaration of 'printf'
../Src/main.c:162:12: warning: unused variable 'data' [-Wunused-variable]
   uint32_t data;
            ^~~~
../Src/main.c: In function 'MX_TIM6_Init':
../Src/main.c:396:3: warning: incompatible implicit declaration of built-in function 'printf'
   printf("tim setup done 6\r\n");
   ^~~~~~
../Src/main.c:396:3: note: include '<stdio.h>' or provide a declaration of 'printf'
../Src/main.c: In function 'Error_Handler':
../Src/main.c:512:2: warning: incompatible implicit declaration of built-in function 'printf'
  printf("ERROR!");
  ^~~~~~
../Src/main.c:512:2: note: include '<stdio.h>' or provide a declaration of 'printf'
Finished building: ../Src/main.c
 
Building target: i2c_basic.elf
Invoking: MCU GCC Linker
arm-none-eabi-gcc -mcpu=cortex-m4 -mthumb -mfloat-abi=hard -mfpu=fpv4-sp-d16 -specs=nosys.specs -specs=nano.specs -T"../STM32F446RETx_FLASH.ld" -Wl,-Map=output.map -Wl,--gc-sections -o "i2c_basic.elf" @"objects.list"   -lm
Finished building target: i2c_basic.elf
 
make --no-print-directory post-build
Generating hex and Printing size information:
arm-none-eabi-objcopy -O ihex "i2c_basic.elf" "i2c_basic.hex"
arm-none-eabi-size "i2c_basic.elf"
   text	   data	    bss	    dec	    hex	filename
  15280	    120	  78920	  94320	  17070	i2c_basic.elf
 
23:29:24 **** Incremental Build of configuration Debug for project i2c_basic ****
make all 
Building file: ../Src/main.c
Invoking: MCU GCC Compiler
C:\Users\arkadiusz.zelazowski\STMworkspace\i2c_basic\Debug
arm-none-eabi-gcc -mcpu=cortex-m4 -mthumb -mfloat-abi=hard -mfpu=fpv4-sp-d16 '-D__weak=__attribute__((weak))' '-D__packed=__attribute__((__packed__))' -DUSE_HAL_DRIVER -DSTM32F446xx -I"C:/Users/arkadiusz.zelazowski/STMworkspace/i2c_basic/Inc" -I"C:/Users/arkadiusz.zelazowski/STMworkspace/i2c_basic/Drivers/STM32F4xx_HAL_Driver/Inc" -I"C:/Users/arkadiusz.zelazowski/STMworkspace/i2c_basic/Drivers/STM32F4xx_HAL_Driver/Inc/Legacy" -I"C:/Users/arkadiusz.zelazowski/STMworkspace/i2c_basic/Drivers/CMSIS/Device/ST/STM32F4xx/Include" -I"C:/Users/arkadiusz.zelazowski/STMworkspace/i2c_basic/Drivers/CMSIS/Include"  -Og -g3 -Wall -fmessage-length=0 -ffunction-sections -c -fmessage-length=0 -MMD -MP -MF"Src/main.d" -MT"Src/main.o" -o "Src/main.o" "../Src/main.c"
../Src/main.c: In function 'main':
../Src/main.c:211:4: warning: implicit declaration of function 'printf' [-Wimplicit-function-declaration]
    printf("\r\nhscnt: %d\r\n", line);
    ^~~~~~
../Src/main.c:211:4: warning: incompatible implicit declaration of built-in function 'printf'
../Src/main.c:211:4: note: include '<stdio.h>' or provide a declaration of 'printf'
../Src/main.c:162:12: warning: unused variable 'data' [-Wunused-variable]
   uint32_t data;
            ^~~~
../Src/main.c: In function 'MX_TIM6_Init':
../Src/main.c:396:3: warning: incompatible implicit declaration of built-in function 'printf'
   printf("tim setup done 6\r\n");
   ^~~~~~
../Src/main.c:396:3: note: include '<stdio.h>' or provide a declaration of 'printf'
../Src/main.c: In function 'Error_Handler':
../Src/main.c:512:2: warning: incompatible implicit declaration of built-in function 'printf'
  printf("ERROR!");
  ^~~~~~
../Src/main.c:512:2: note: include '<stdio.h>' or provide a declaration of 'printf'
Finished building: ../Src/main.c
 
Building target: i2c_basic.elf
Invoking: MCU GCC Linker
arm-none-eabi-gcc -mcpu=cortex-m4 -mthumb -mfloat-abi=hard -mfpu=fpv4-sp-d16 -specs=nosys.specs -specs=nano.specs -T"../STM32F446RETx_FLASH.ld" -Wl,-Map=output.map -Wl,--gc-sections -o "i2c_basic.elf" @"objects.list"   -lm
Finished building target: i2c_basic.elf
 
make --no-print-directory post-build
Generating hex and Printing size information:
arm-none-eabi-objcopy -O ihex "i2c_basic.elf" "i2c_basic.hex"
arm-none-eabi-size "i2c_basic.elf"
   text	   data	    bss	    dec	    hex	filename
  15280	    120	  78920	  94320	  17070	i2c_basic.elf
 
23:31:34 **** Incremental Build of configuration Debug for project i2c_basic ****
make all 
Building file: ../Src/main.c
Invoking: MCU GCC Compiler
C:\Users\arkadiusz.zelazowski\STMworkspace\i2c_basic\Debug
arm-none-eabi-gcc -mcpu=cortex-m4 -mthumb -mfloat-abi=hard -mfpu=fpv4-sp-d16 '-D__weak=__attribute__((weak))' '-D__packed=__attribute__((__packed__))' -DUSE_HAL_DRIVER -DSTM32F446xx -I"C:/Users/arkadiusz.zelazowski/STMworkspace/i2c_basic/Inc" -I"C:/Users/arkadiusz.zelazowski/STMworkspace/i2c_basic/Drivers/STM32F4xx_HAL_Driver/Inc" -I"C:/Users/arkadiusz.zelazowski/STMworkspace/i2c_basic/Drivers/STM32F4xx_HAL_Driver/Inc/Legacy" -I"C:/Users/arkadiusz.zelazowski/STMworkspace/i2c_basic/Drivers/CMSIS/Device/ST/STM32F4xx/Include" -I"C:/Users/arkadiusz.zelazowski/STMworkspace/i2c_basic/Drivers/CMSIS/Include"  -Og -g3 -Wall -fmessage-length=0 -ffunction-sections -c -fmessage-length=0 -MMD -MP -MF"Src/main.d" -MT"Src/main.o" -o "Src/main.o" "../Src/main.c"
../Src/main.c: In function 'main':
../Src/main.c:211:4: warning: implicit declaration of function 'printf' [-Wimplicit-function-declaration]
    printf("\r\nhscnt: %d\r\n", line);
    ^~~~~~
../Src/main.c:211:4: warning: incompatible implicit declaration of built-in function 'printf'
../Src/main.c:211:4: note: include '<stdio.h>' or provide a declaration of 'printf'
../Src/main.c:162:12: warning: unused variable 'data' [-Wunused-variable]
   uint32_t data;
            ^~~~
../Src/main.c: In function 'MX_TIM6_Init':
../Src/main.c:397:3: warning: incompatible implicit declaration of built-in function 'printf'
   printf("tim setup done 6\r\n");
   ^~~~~~
../Src/main.c:397:3: note: include '<stdio.h>' or provide a declaration of 'printf'
../Src/main.c: In function 'Error_Handler':
../Src/main.c:513:2: warning: incompatible implicit declaration of built-in function 'printf'
  printf("ERROR!");
  ^~~~~~
../Src/main.c:513:2: note: include '<stdio.h>' or provide a declaration of 'printf'
Finished building: ../Src/main.c
 
Building target: i2c_basic.elf
Invoking: MCU GCC Linker
arm-none-eabi-gcc -mcpu=cortex-m4 -mthumb -mfloat-abi=hard -mfpu=fpv4-sp-d16 -specs=nosys.specs -specs=nano.specs -T"../STM32F446RETx_FLASH.ld" -Wl,-Map=output.map -Wl,--gc-sections -o "i2c_basic.elf" @"objects.list"   -lm
Finished building target: i2c_basic.elf
 
make --no-print-directory post-build
Generating hex and Printing size information:
arm-none-eabi-objcopy -O ihex "i2c_basic.elf" "i2c_basic.hex"
arm-none-eabi-size "i2c_basic.elf"
   text	   data	    bss	    dec	    hex	filename
  15296	    120	  78920	  94336	  17080	i2c_basic.elf
 
23:32:18 **** Incremental Build of configuration Debug for project i2c_basic ****
make all 
Building file: ../Src/main.c
Invoking: MCU GCC Compiler
C:\Users\arkadiusz.zelazowski\STMworkspace\i2c_basic\Debug
arm-none-eabi-gcc -mcpu=cortex-m4 -mthumb -mfloat-abi=hard -mfpu=fpv4-sp-d16 '-D__weak=__attribute__((weak))' '-D__packed=__attribute__((__packed__))' -DUSE_HAL_DRIVER -DSTM32F446xx -I"C:/Users/arkadiusz.zelazowski/STMworkspace/i2c_basic/Inc" -I"C:/Users/arkadiusz.zelazowski/STMworkspace/i2c_basic/Drivers/STM32F4xx_HAL_Driver/Inc" -I"C:/Users/arkadiusz.zelazowski/STMworkspace/i2c_basic/Drivers/STM32F4xx_HAL_Driver/Inc/Legacy" -I"C:/Users/arkadiusz.zelazowski/STMworkspace/i2c_basic/Drivers/CMSIS/Device/ST/STM32F4xx/Include" -I"C:/Users/arkadiusz.zelazowski/STMworkspace/i2c_basic/Drivers/CMSIS/Include"  -Og -g3 -Wall -fmessage-length=0 -ffunction-sections -c -fmessage-length=0 -MMD -MP -MF"Src/main.d" -MT"Src/main.o" -o "Src/main.o" "../Src/main.c"
../Src/main.c: In function 'main':
../Src/main.c:211:4: warning: implicit declaration of function 'printf' [-Wimplicit-function-declaration]
    printf("\r\nhscnt: %d\r\n", line);
    ^~~~~~
../Src/main.c:211:4: warning: incompatible implicit declaration of built-in function 'printf'
../Src/main.c:211:4: note: include '<stdio.h>' or provide a declaration of 'printf'
../Src/main.c:162:12: warning: unused variable 'data' [-Wunused-variable]
   uint32_t data;
            ^~~~
../Src/main.c: In function 'MX_TIM6_Init':
../Src/main.c:398:3: warning: incompatible implicit declaration of built-in function 'printf'
   printf("tim setup done 6\r\n");
   ^~~~~~
../Src/main.c:398:3: note: include '<stdio.h>' or provide a declaration of 'printf'
../Src/main.c: In function 'Error_Handler':
../Src/main.c:514:2: warning: incompatible implicit declaration of built-in function 'printf'
  printf("ERROR!");
  ^~~~~~
../Src/main.c:514:2: note: include '<stdio.h>' or provide a declaration of 'printf'
Finished building: ../Src/main.c
 
Building target: i2c_basic.elf
Invoking: MCU GCC Linker
arm-none-eabi-gcc -mcpu=cortex-m4 -mthumb -mfloat-abi=hard -mfpu=fpv4-sp-d16 -specs=nosys.specs -specs=nano.specs -T"../STM32F446RETx_FLASH.ld" -Wl,-Map=output.map -Wl,--gc-sections -o "i2c_basic.elf" @"objects.list"   -lm
Finished building target: i2c_basic.elf
 
make --no-print-directory post-build
Generating hex and Printing size information:
arm-none-eabi-objcopy -O ihex "i2c_basic.elf" "i2c_basic.hex"
arm-none-eabi-size "i2c_basic.elf"
   text	   data	    bss	    dec	    hex	filename
  15316	    120	  78920	  94356	  17094	i2c_basic.elf
 
23:34:21 **** Incremental Build of configuration Debug for project i2c_basic ****
make all 
Building file: ../Src/main.c
Invoking: MCU GCC Compiler
C:\Users\arkadiusz.zelazowski\STMworkspace\i2c_basic\Debug
arm-none-eabi-gcc -mcpu=cortex-m4 -mthumb -mfloat-abi=hard -mfpu=fpv4-sp-d16 '-D__weak=__attribute__((weak))' '-D__packed=__attribute__((__packed__))' -DUSE_HAL_DRIVER -DSTM32F446xx -I"C:/Users/arkadiusz.zelazowski/STMworkspace/i2c_basic/Inc" -I"C:/Users/arkadiusz.zelazowski/STMworkspace/i2c_basic/Drivers/STM32F4xx_HAL_Driver/Inc" -I"C:/Users/arkadiusz.zelazowski/STMworkspace/i2c_basic/Drivers/STM32F4xx_HAL_Driver/Inc/Legacy" -I"C:/Users/arkadiusz.zelazowski/STMworkspace/i2c_basic/Drivers/CMSIS/Device/ST/STM32F4xx/Include" -I"C:/Users/arkadiusz.zelazowski/STMworkspace/i2c_basic/Drivers/CMSIS/Include"  -Og -g3 -Wall -fmessage-length=0 -ffunction-sections -c -fmessage-length=0 -MMD -MP -MF"Src/main.d" -MT"Src/main.o" -o "Src/main.o" "../Src/main.c"
../Src/main.c: In function 'main':
../Src/main.c:211:4: warning: implicit declaration of function 'printf' [-Wimplicit-function-declaration]
    printf("\r\nhscnt: %d\r\n", line);
    ^~~~~~
../Src/main.c:211:4: warning: incompatible implicit declaration of built-in function 'printf'
../Src/main.c:211:4: note: include '<stdio.h>' or provide a declaration of 'printf'
../Src/main.c:162:12: warning: unused variable 'data' [-Wunused-variable]
   uint32_t data;
            ^~~~
../Src/main.c: In function 'MX_TIM6_Init':
../Src/main.c:398:3: warning: incompatible implicit declaration of built-in function 'printf'
   printf("tim setup done 6\r\n");
   ^~~~~~
../Src/main.c:398:3: note: include '<stdio.h>' or provide a declaration of 'printf'
../Src/main.c: In function 'Error_Handler':
../Src/main.c:514:2: warning: incompatible implicit declaration of built-in function 'printf'
  printf("ERROR!");
  ^~~~~~
../Src/main.c:514:2: note: include '<stdio.h>' or provide a declaration of 'printf'
Finished building: ../Src/main.c
 
Building target: i2c_basic.elf
Invoking: MCU GCC Linker
arm-none-eabi-gcc -mcpu=cortex-m4 -mthumb -mfloat-abi=hard -mfpu=fpv4-sp-d16 -specs=nosys.specs -specs=nano.specs -T"../STM32F446RETx_FLASH.ld" -Wl,-Map=output.map -Wl,--gc-sections -o "i2c_basic.elf" @"objects.list"   -lm
Finished building target: i2c_basic.elf
 
make --no-print-directory post-build
Generating hex and Printing size information:
arm-none-eabi-objcopy -O ihex "i2c_basic.elf" "i2c_basic.hex"
arm-none-eabi-size "i2c_basic.elf"
   text	   data	    bss	    dec	    hex	filename
  15328	    120	  78920	  94368	  170a0	i2c_basic.elf
 
23:37:46 **** Incremental Build of configuration Debug for project i2c_basic ****
make all 
Building file: ../Src/main.c
Invoking: MCU GCC Compiler
C:\Users\arkadiusz.zelazowski\STMworkspace\i2c_basic\Debug
arm-none-eabi-gcc -mcpu=cortex-m4 -mthumb -mfloat-abi=hard -mfpu=fpv4-sp-d16 '-D__weak=__attribute__((weak))' '-D__packed=__attribute__((__packed__))' -DUSE_HAL_DRIVER -DSTM32F446xx -I"C:/Users/arkadiusz.zelazowski/STMworkspace/i2c_basic/Inc" -I"C:/Users/arkadiusz.zelazowski/STMworkspace/i2c_basic/Drivers/STM32F4xx_HAL_Driver/Inc" -I"C:/Users/arkadiusz.zelazowski/STMworkspace/i2c_basic/Drivers/STM32F4xx_HAL_Driver/Inc/Legacy" -I"C:/Users/arkadiusz.zelazowski/STMworkspace/i2c_basic/Drivers/CMSIS/Device/ST/STM32F4xx/Include" -I"C:/Users/arkadiusz.zelazowski/STMworkspace/i2c_basic/Drivers/CMSIS/Include"  -Og -g3 -Wall -fmessage-length=0 -ffunction-sections -c -fmessage-length=0 -MMD -MP -MF"Src/main.d" -MT"Src/main.o" -o "Src/main.o" "../Src/main.c"
../Src/main.c: In function 'main':
../Src/main.c:218:4: warning: implicit declaration of function 'printf' [-Wimplicit-function-declaration]
    printf("\r\nhscnt: %d\r\n", line);
    ^~~~~~
../Src/main.c:218:4: warning: incompatible implicit declaration of built-in function 'printf'
../Src/main.c:218:4: note: include '<stdio.h>' or provide a declaration of 'printf'
../Src/main.c:162:12: warning: unused variable 'data' [-Wunused-variable]
   uint32_t data;
            ^~~~
../Src/main.c: In function 'MX_TIM6_Init':
../Src/main.c:405:3: warning: incompatible implicit declaration of built-in function 'printf'
   printf("tim setup done 6\r\n");
   ^~~~~~
../Src/main.c:405:3: note: include '<stdio.h>' or provide a declaration of 'printf'
../Src/main.c: In function 'Error_Handler':
../Src/main.c:521:2: warning: incompatible implicit declaration of built-in function 'printf'
  printf("ERROR!");
  ^~~~~~
../Src/main.c:521:2: note: include '<stdio.h>' or provide a declaration of 'printf'
Finished building: ../Src/main.c
 
Building target: i2c_basic.elf
Invoking: MCU GCC Linker
arm-none-eabi-gcc -mcpu=cortex-m4 -mthumb -mfloat-abi=hard -mfpu=fpv4-sp-d16 -specs=nosys.specs -specs=nano.specs -T"../STM32F446RETx_FLASH.ld" -Wl,-Map=output.map -Wl,--gc-sections -o "i2c_basic.elf" @"objects.list"   -lm
Finished building target: i2c_basic.elf
 
make --no-print-directory post-build
Generating hex and Printing size information:
arm-none-eabi-objcopy -O ihex "i2c_basic.elf" "i2c_basic.hex"
arm-none-eabi-size "i2c_basic.elf"
   text	   data	    bss	    dec	    hex	filename
  15300	    120	  78920	  94340	  17084	i2c_basic.elf
 
23:40:23 **** Incremental Build of configuration Debug for project i2c_basic ****
make all 
Building file: ../Src/main.c
Invoking: MCU GCC Compiler
C:\Users\arkadiusz.zelazowski\STMworkspace\i2c_basic\Debug
arm-none-eabi-gcc -mcpu=cortex-m4 -mthumb -mfloat-abi=hard -mfpu=fpv4-sp-d16 '-D__weak=__attribute__((weak))' '-D__packed=__attribute__((__packed__))' -DUSE_HAL_DRIVER -DSTM32F446xx -I"C:/Users/arkadiusz.zelazowski/STMworkspace/i2c_basic/Inc" -I"C:/Users/arkadiusz.zelazowski/STMworkspace/i2c_basic/Drivers/STM32F4xx_HAL_Driver/Inc" -I"C:/Users/arkadiusz.zelazowski/STMworkspace/i2c_basic/Drivers/STM32F4xx_HAL_Driver/Inc/Legacy" -I"C:/Users/arkadiusz.zelazowski/STMworkspace/i2c_basic/Drivers/CMSIS/Device/ST/STM32F4xx/Include" -I"C:/Users/arkadiusz.zelazowski/STMworkspace/i2c_basic/Drivers/CMSIS/Include"  -Og -g3 -Wall -fmessage-length=0 -ffunction-sections -c -fmessage-length=0 -MMD -MP -MF"Src/main.d" -MT"Src/main.o" -o "Src/main.o" "../Src/main.c"
../Src/main.c: In function 'main':
../Src/main.c:203:6: warning: implicit declaration of function 'printf' [-Wimplicit-function-declaration]
      printf("\r\nhscnt: %d\r\n", line);
      ^~~~~~
../Src/main.c:203:6: warning: incompatible implicit declaration of built-in function 'printf'
../Src/main.c:203:6: note: include '<stdio.h>' or provide a declaration of 'printf'
../Src/main.c:162:12: warning: unused variable 'data' [-Wunused-variable]
   uint32_t data;
            ^~~~
../Src/main.c: In function 'MX_TIM6_Init':
../Src/main.c:405:3: warning: incompatible implicit declaration of built-in function 'printf'
   printf("tim setup done 6\r\n");
   ^~~~~~
../Src/main.c:405:3: note: include '<stdio.h>' or provide a declaration of 'printf'
../Src/main.c: In function 'Error_Handler':
../Src/main.c:521:2: warning: incompatible implicit declaration of built-in function 'printf'
  printf("ERROR!");
  ^~~~~~
../Src/main.c:521:2: note: include '<stdio.h>' or provide a declaration of 'printf'
Finished building: ../Src/main.c
 
Building target: i2c_basic.elf
Invoking: MCU GCC Linker
arm-none-eabi-gcc -mcpu=cortex-m4 -mthumb -mfloat-abi=hard -mfpu=fpv4-sp-d16 -specs=nosys.specs -specs=nano.specs -T"../STM32F446RETx_FLASH.ld" -Wl,-Map=output.map -Wl,--gc-sections -o "i2c_basic.elf" @"objects.list"   -lm
Finished building target: i2c_basic.elf
 
make --no-print-directory post-build
Generating hex and Printing size information:
arm-none-eabi-objcopy -O ihex "i2c_basic.elf" "i2c_basic.hex"
arm-none-eabi-size "i2c_basic.elf"
   text	   data	    bss	    dec	    hex	filename
  15300	    120	  78920	  94340	  17084	i2c_basic.elf
 
23:41:58 **** Incremental Build of configuration Debug for project i2c_basic ****
make all 
Building file: ../Src/main.c
Invoking: MCU GCC Compiler
C:\Users\arkadiusz.zelazowski\STMworkspace\i2c_basic\Debug
arm-none-eabi-gcc -mcpu=cortex-m4 -mthumb -mfloat-abi=hard -mfpu=fpv4-sp-d16 '-D__weak=__attribute__((weak))' '-D__packed=__attribute__((__packed__))' -DUSE_HAL_DRIVER -DSTM32F446xx -I"C:/Users/arkadiusz.zelazowski/STMworkspace/i2c_basic/Inc" -I"C:/Users/arkadiusz.zelazowski/STMworkspace/i2c_basic/Drivers/STM32F4xx_HAL_Driver/Inc" -I"C:/Users/arkadiusz.zelazowski/STMworkspace/i2c_basic/Drivers/STM32F4xx_HAL_Driver/Inc/Legacy" -I"C:/Users/arkadiusz.zelazowski/STMworkspace/i2c_basic/Drivers/CMSIS/Device/ST/STM32F4xx/Include" -I"C:/Users/arkadiusz.zelazowski/STMworkspace/i2c_basic/Drivers/CMSIS/Include"  -Og -g3 -Wall -fmessage-length=0 -ffunction-sections -c -fmessage-length=0 -MMD -MP -MF"Src/main.d" -MT"Src/main.o" -o "Src/main.o" "../Src/main.c"
../Src/main.c: In function 'main':
../Src/main.c:218:4: warning: implicit declaration of function 'printf' [-Wimplicit-function-declaration]
    printf("\r\nhscnt: %d\r\n", line);
    ^~~~~~
../Src/main.c:218:4: warning: incompatible implicit declaration of built-in function 'printf'
../Src/main.c:218:4: note: include '<stdio.h>' or provide a declaration of 'printf'
../Src/main.c:162:12: warning: unused variable 'data' [-Wunused-variable]
   uint32_t data;
            ^~~~
../Src/main.c: In function 'MX_TIM6_Init':
../Src/main.c:407:3: warning: incompatible implicit declaration of built-in function 'printf'
   printf("tim setup done 6\r\n");
   ^~~~~~
../Src/main.c:407:3: note: include '<stdio.h>' or provide a declaration of 'printf'
../Src/main.c: In function 'Error_Handler':
../Src/main.c:523:2: warning: incompatible implicit declaration of built-in function 'printf'
  printf("ERROR!");
  ^~~~~~
../Src/main.c:523:2: note: include '<stdio.h>' or provide a declaration of 'printf'
Finished building: ../Src/main.c
 
Building target: i2c_basic.elf
Invoking: MCU GCC Linker
arm-none-eabi-gcc -mcpu=cortex-m4 -mthumb -mfloat-abi=hard -mfpu=fpv4-sp-d16 -specs=nosys.specs -specs=nano.specs -T"../STM32F446RETx_FLASH.ld" -Wl,-Map=output.map -Wl,--gc-sections -o "i2c_basic.elf" @"objects.list"   -lm
Finished building target: i2c_basic.elf
 
make --no-print-directory post-build
Generating hex and Printing size information:
arm-none-eabi-objcopy -O ihex "i2c_basic.elf" "i2c_basic.hex"
arm-none-eabi-size "i2c_basic.elf"
   text	   data	    bss	    dec	    hex	filename
  15316	    120	  78920	  94356	  17094	i2c_basic.elf
 
23:43:00 **** Incremental Build of configuration Debug for project i2c_basic ****
make all 
Building file: ../Src/main.c
Invoking: MCU GCC Compiler
C:\Users\arkadiusz.zelazowski\STMworkspace\i2c_basic\Debug
arm-none-eabi-gcc -mcpu=cortex-m4 -mthumb -mfloat-abi=hard -mfpu=fpv4-sp-d16 '-D__weak=__attribute__((weak))' '-D__packed=__attribute__((__packed__))' -DUSE_HAL_DRIVER -DSTM32F446xx -I"C:/Users/arkadiusz.zelazowski/STMworkspace/i2c_basic/Inc" -I"C:/Users/arkadiusz.zelazowski/STMworkspace/i2c_basic/Drivers/STM32F4xx_HAL_Driver/Inc" -I"C:/Users/arkadiusz.zelazowski/STMworkspace/i2c_basic/Drivers/STM32F4xx_HAL_Driver/Inc/Legacy" -I"C:/Users/arkadiusz.zelazowski/STMworkspace/i2c_basic/Drivers/CMSIS/Device/ST/STM32F4xx/Include" -I"C:/Users/arkadiusz.zelazowski/STMworkspace/i2c_basic/Drivers/CMSIS/Include"  -Og -g3 -Wall -fmessage-length=0 -ffunction-sections -c -fmessage-length=0 -MMD -MP -MF"Src/main.d" -MT"Src/main.o" -o "Src/main.o" "../Src/main.c"
../Src/main.c: In function 'main':
../Src/main.c:218:4: warning: implicit declaration of function 'printf' [-Wimplicit-function-declaration]
    printf("\r\nhscnt: %d\r\n", line);
    ^~~~~~
../Src/main.c:218:4: warning: incompatible implicit declaration of built-in function 'printf'
../Src/main.c:218:4: note: include '<stdio.h>' or provide a declaration of 'printf'
../Src/main.c:162:12: warning: unused variable 'data' [-Wunused-variable]
   uint32_t data;
            ^~~~
../Src/main.c: In function 'MX_TIM6_Init':
../Src/main.c:407:3: warning: incompatible implicit declaration of built-in function 'printf'
   printf("tim setup done 6\r\n");
   ^~~~~~
../Src/main.c:407:3: note: include '<stdio.h>' or provide a declaration of 'printf'
../Src/main.c: In function 'Error_Handler':
../Src/main.c:523:2: warning: incompatible implicit declaration of built-in function 'printf'
  printf("ERROR!");
  ^~~~~~
../Src/main.c:523:2: note: include '<stdio.h>' or provide a declaration of 'printf'
Finished building: ../Src/main.c
 
Building target: i2c_basic.elf
Invoking: MCU GCC Linker
arm-none-eabi-gcc -mcpu=cortex-m4 -mthumb -mfloat-abi=hard -mfpu=fpv4-sp-d16 -specs=nosys.specs -specs=nano.specs -T"../STM32F446RETx_FLASH.ld" -Wl,-Map=output.map -Wl,--gc-sections -o "i2c_basic.elf" @"objects.list"   -lm
Finished building target: i2c_basic.elf
 
make --no-print-directory post-build
Generating hex and Printing size information:
arm-none-eabi-objcopy -O ihex "i2c_basic.elf" "i2c_basic.hex"
arm-none-eabi-size "i2c_basic.elf"
   text	   data	    bss	    dec	    hex	filename
  15304	    120	  78920	  94344	  17088	i2c_basic.elf
 
23:45:09 **** Incremental Build of configuration Debug for project i2c_basic ****
make all 
Building file: ../Src/main.c
Invoking: MCU GCC Compiler
C:\Users\arkadiusz.zelazowski\STMworkspace\i2c_basic\Debug
arm-none-eabi-gcc -mcpu=cortex-m4 -mthumb -mfloat-abi=hard -mfpu=fpv4-sp-d16 '-D__weak=__attribute__((weak))' '-D__packed=__attribute__((__packed__))' -DUSE_HAL_DRIVER -DSTM32F446xx -I"C:/Users/arkadiusz.zelazowski/STMworkspace/i2c_basic/Inc" -I"C:/Users/arkadiusz.zelazowski/STMworkspace/i2c_basic/Drivers/STM32F4xx_HAL_Driver/Inc" -I"C:/Users/arkadiusz.zelazowski/STMworkspace/i2c_basic/Drivers/STM32F4xx_HAL_Driver/Inc/Legacy" -I"C:/Users/arkadiusz.zelazowski/STMworkspace/i2c_basic/Drivers/CMSIS/Device/ST/STM32F4xx/Include" -I"C:/Users/arkadiusz.zelazowski/STMworkspace/i2c_basic/Drivers/CMSIS/Include"  -Og -g3 -Wall -fmessage-length=0 -ffunction-sections -c -fmessage-length=0 -MMD -MP -MF"Src/main.d" -MT"Src/main.o" -o "Src/main.o" "../Src/main.c"
../Src/main.c: In function 'main':
../Src/main.c:216:4: warning: implicit declaration of function 'printf' [-Wimplicit-function-declaration]
    printf("\r\nhscnt: %d\r\n", line);
    ^~~~~~
../Src/main.c:216:4: warning: incompatible implicit declaration of built-in function 'printf'
../Src/main.c:216:4: note: include '<stdio.h>' or provide a declaration of 'printf'
../Src/main.c:162:12: warning: unused variable 'data' [-Wunused-variable]
   uint32_t data;
            ^~~~
../Src/main.c: In function 'MX_TIM6_Init':
../Src/main.c:405:3: warning: incompatible implicit declaration of built-in function 'printf'
   printf("tim setup done 6\r\n");
   ^~~~~~
../Src/main.c:405:3: note: include '<stdio.h>' or provide a declaration of 'printf'
../Src/main.c: In function 'Error_Handler':
../Src/main.c:521:2: warning: incompatible implicit declaration of built-in function 'printf'
  printf("ERROR!");
  ^~~~~~
../Src/main.c:521:2: note: include '<stdio.h>' or provide a declaration of 'printf'
Finished building: ../Src/main.c
 
Building target: i2c_basic.elf
Invoking: MCU GCC Linker
[...]
Finished building: ../Drivers/STM32F4xx_HAL_Driver/Src/stm32f4xx_hal_flash_ramfunc.c
 
Building file: ../Drivers/STM32F4xx_HAL_Driver/Src/stm32f4xx_hal_gpio.c
Invoking: MCU GCC Compiler
C:\Users\arkadiusz.zelazowski\STMworkspace\i2c_basic\Debug
arm-none-eabi-gcc -mcpu=cortex-m4 -mthumb -mfloat-abi=hard -mfpu=fpv4-sp-d16 '-D__weak=__attribute__((weak))' '-D__packed=__attribute__((__packed__))' -DUSE_HAL_DRIVER -DSTM32F446xx -I"C:/Users/arkadiusz.zelazowski/STMworkspace/i2c_basic/Inc" -I"C:/Users/arkadiusz.zelazowski/STMworkspace/i2c_basic/Drivers/STM32F4xx_HAL_Driver/Inc" -I"C:/Users/arkadiusz.zelazowski/STMworkspace/i2c_basic/Drivers/STM32F4xx_HAL_Driver/Inc/Legacy" -I"C:/Users/arkadiusz.zelazowski/STMworkspace/i2c_basic/Drivers/CMSIS/Device/ST/STM32F4xx/Include" -I"C:/Users/arkadiusz.zelazowski/STMworkspace/i2c_basic/Drivers/CMSIS/Include"  -Og -g3 -Wall -fmessage-length=0 -ffunction-sections -c -fmessage-length=0 -MMD -MP -MF"Drivers/STM32F4xx_HAL_Driver/Src/stm32f4xx_hal_gpio.d" -MT"Drivers/STM32F4xx_HAL_Driver/Src/stm32f4xx_hal_gpio.o" -o "Drivers/STM32F4xx_HAL_Driver/Src/stm32f4xx_hal_gpio.o" "../Drivers/STM32F4xx_HAL_Driver/Src/stm32f4xx_hal_gpio.c"
Finished building: ../Drivers/STM32F4xx_HAL_Driver/Src/stm32f4xx_hal_gpio.c
 
Building file: ../Drivers/STM32F4xx_HAL_Driver/Src/stm32f4xx_hal_i2c.c
Invoking: MCU GCC Compiler
C:\Users\arkadiusz.zelazowski\STMworkspace\i2c_basic\Debug
arm-none-eabi-gcc -mcpu=cortex-m4 -mthumb -mfloat-abi=hard -mfpu=fpv4-sp-d16 '-D__weak=__attribute__((weak))' '-D__packed=__attribute__((__packed__))' -DUSE_HAL_DRIVER -DSTM32F446xx -I"C:/Users/arkadiusz.zelazowski/STMworkspace/i2c_basic/Inc" -I"C:/Users/arkadiusz.zelazowski/STMworkspace/i2c_basic/Drivers/STM32F4xx_HAL_Driver/Inc" -I"C:/Users/arkadiusz.zelazowski/STMworkspace/i2c_basic/Drivers/STM32F4xx_HAL_Driver/Inc/Legacy" -I"C:/Users/arkadiusz.zelazowski/STMworkspace/i2c_basic/Drivers/CMSIS/Device/ST/STM32F4xx/Include" -I"C:/Users/arkadiusz.zelazowski/STMworkspace/i2c_basic/Drivers/CMSIS/Include"  -Og -g3 -Wall -fmessage-length=0 -ffunction-sections -c -fmessage-length=0 -MMD -MP -MF"Drivers/STM32F4xx_HAL_Driver/Src/stm32f4xx_hal_i2c.d" -MT"Drivers/STM32F4xx_HAL_Driver/Src/stm32f4xx_hal_i2c.o" -o "Drivers/STM32F4xx_HAL_Driver/Src/stm32f4xx_hal_i2c.o" "../Drivers/STM32F4xx_HAL_Driver/Src/stm32f4xx_hal_i2c.c"
Finished building: ../Drivers/STM32F4xx_HAL_Driver/Src/stm32f4xx_hal_i2c.c
 
Building file: ../Drivers/STM32F4xx_HAL_Driver/Src/stm32f4xx_hal_i2c_ex.c
Invoking: MCU GCC Compiler
C:\Users\arkadiusz.zelazowski\STMworkspace\i2c_basic\Debug
arm-none-eabi-gcc -mcpu=cortex-m4 -mthumb -mfloat-abi=hard -mfpu=fpv4-sp-d16 '-D__weak=__attribute__((weak))' '-D__packed=__attribute__((__packed__))' -DUSE_HAL_DRIVER -DSTM32F446xx -I"C:/Users/arkadiusz.zelazowski/STMworkspace/i2c_basic/Inc" -I"C:/Users/arkadiusz.zelazowski/STMworkspace/i2c_basic/Drivers/STM32F4xx_HAL_Driver/Inc" -I"C:/Users/arkadiusz.zelazowski/STMworkspace/i2c_basic/Drivers/STM32F4xx_HAL_Driver/Inc/Legacy" -I"C:/Users/arkadiusz.zelazowski/STMworkspace/i2c_basic/Drivers/CMSIS/Device/ST/STM32F4xx/Include" -I"C:/Users/arkadiusz.zelazowski/STMworkspace/i2c_basic/Drivers/CMSIS/Include"  -Og -g3 -Wall -fmessage-length=0 -ffunction-sections -c -fmessage-length=0 -MMD -MP -MF"Drivers/STM32F4xx_HAL_Driver/Src/stm32f4xx_hal_i2c_ex.d" -MT"Drivers/STM32F4xx_HAL_Driver/Src/stm32f4xx_hal_i2c_ex.o" -o "Drivers/STM32F4xx_HAL_Driver/Src/stm32f4xx_hal_i2c_ex.o" "../Drivers/STM32F4xx_HAL_Driver/Src/stm32f4xx_hal_i2c_ex.c"
Finished building: ../Drivers/STM32F4xx_HAL_Driver/Src/stm32f4xx_hal_i2c_ex.c
 
Building file: ../Drivers/STM32F4xx_HAL_Driver/Src/stm32f4xx_hal_pwr.c
Invoking: MCU GCC Compiler
C:\Users\arkadiusz.zelazowski\STMworkspace\i2c_basic\Debug
arm-none-eabi-gcc -mcpu=cortex-m4 -mthumb -mfloat-abi=hard -mfpu=fpv4-sp-d16 '-D__weak=__attribute__((weak))' '-D__packed=__attribute__((__packed__))' -DUSE_HAL_DRIVER -DSTM32F446xx -I"C:/Users/arkadiusz.zelazowski/STMworkspace/i2c_basic/Inc" -I"C:/Users/arkadiusz.zelazowski/STMworkspace/i2c_basic/Drivers/STM32F4xx_HAL_Driver/Inc" -I"C:/Users/arkadiusz.zelazowski/STMworkspace/i2c_basic/Drivers/STM32F4xx_HAL_Driver/Inc/Legacy" -I"C:/Users/arkadiusz.zelazowski/STMworkspace/i2c_basic/Drivers/CMSIS/Device/ST/STM32F4xx/Include" -I"C:/Users/arkadiusz.zelazowski/STMworkspace/i2c_basic/Drivers/CMSIS/Include"  -Og -g3 -Wall -fmessage-length=0 -ffunction-sections -c -fmessage-length=0 -MMD -MP -MF"Drivers/STM32F4xx_HAL_Driver/Src/stm32f4xx_hal_pwr.d" -MT"Drivers/STM32F4xx_HAL_Driver/Src/stm32f4xx_hal_pwr.o" -o "Drivers/STM32F4xx_HAL_Driver/Src/stm32f4xx_hal_pwr.o" "../Drivers/STM32F4xx_HAL_Driver/Src/stm32f4xx_hal_pwr.c"
Finished building: ../Drivers/STM32F4xx_HAL_Driver/Src/stm32f4xx_hal_pwr.c
 
Building file: ../Drivers/STM32F4xx_HAL_Driver/Src/stm32f4xx_hal_pwr_ex.c
Invoking: MCU GCC Compiler
C:\Users\arkadiusz.zelazowski\STMworkspace\i2c_basic\Debug
arm-none-eabi-gcc -mcpu=cortex-m4 -mthumb -mfloat-abi=hard -mfpu=fpv4-sp-d16 '-D__weak=__attribute__((weak))' '-D__packed=__attribute__((__packed__))' -DUSE_HAL_DRIVER -DSTM32F446xx -I"C:/Users/arkadiusz.zelazowski/STMworkspace/i2c_basic/Inc" -I"C:/Users/arkadiusz.zelazowski/STMworkspace/i2c_basic/Drivers/STM32F4xx_HAL_Driver/Inc" -I"C:/Users/arkadiusz.zelazowski/STMworkspace/i2c_basic/Drivers/STM32F4xx_HAL_Driver/Inc/Legacy" -I"C:/Users/arkadiusz.zelazowski/STMworkspace/i2c_basic/Drivers/CMSIS/Device/ST/STM32F4xx/Include" -I"C:/Users/arkadiusz.zelazowski/STMworkspace/i2c_basic/Drivers/CMSIS/Include"  -Og -g3 -Wall -fmessage-length=0 -ffunction-sections -c -fmessage-length=0 -MMD -MP -MF"Drivers/STM32F4xx_HAL_Driver/Src/stm32f4xx_hal_pwr_ex.d" -MT"Drivers/STM32F4xx_HAL_Driver/Src/stm32f4xx_hal_pwr_ex.o" -o "Drivers/STM32F4xx_HAL_Driver/Src/stm32f4xx_hal_pwr_ex.o" "../Drivers/STM32F4xx_HAL_Driver/Src/stm32f4xx_hal_pwr_ex.c"
Finished building: ../Drivers/STM32F4xx_HAL_Driver/Src/stm32f4xx_hal_pwr_ex.c
 
Building file: ../Drivers/STM32F4xx_HAL_Driver/Src/stm32f4xx_hal_rcc.c
Invoking: MCU GCC Compiler
C:\Users\arkadiusz.zelazowski\STMworkspace\i2c_basic\Debug
arm-none-eabi-gcc -mcpu=cortex-m4 -mthumb -mfloat-abi=hard -mfpu=fpv4-sp-d16 '-D__weak=__attribute__((weak))' '-D__packed=__attribute__((__packed__))' -DUSE_HAL_DRIVER -DSTM32F446xx -I"C:/Users/arkadiusz.zelazowski/STMworkspace/i2c_basic/Inc" -I"C:/Users/arkadiusz.zelazowski/STMworkspace/i2c_basic/Drivers/STM32F4xx_HAL_Driver/Inc" -I"C:/Users/arkadiusz.zelazowski/STMworkspace/i2c_basic/Drivers/STM32F4xx_HAL_Driver/Inc/Legacy" -I"C:/Users/arkadiusz.zelazowski/STMworkspace/i2c_basic/Drivers/CMSIS/Device/ST/STM32F4xx/Include" -I"C:/Users/arkadiusz.zelazowski/STMworkspace/i2c_basic/Drivers/CMSIS/Include"  -Og -g3 -Wall -fmessage-length=0 -ffunction-sections -c -fmessage-length=0 -MMD -MP -MF"Drivers/STM32F4xx_HAL_Driver/Src/stm32f4xx_hal_rcc.d" -MT"Drivers/STM32F4xx_HAL_Driver/Src/stm32f4xx_hal_rcc.o" -o "Drivers/STM32F4xx_HAL_Driver/Src/stm32f4xx_hal_rcc.o" "../Drivers/STM32F4xx_HAL_Driver/Src/stm32f4xx_hal_rcc.c"
Finished building: ../Drivers/STM32F4xx_HAL_Driver/Src/stm32f4xx_hal_rcc.c
 
Building file: ../Drivers/STM32F4xx_HAL_Driver/Src/stm32f4xx_hal_rcc_ex.c
Invoking: MCU GCC Compiler
C:\Users\arkadiusz.zelazowski\STMworkspace\i2c_basic\Debug
arm-none-eabi-gcc -mcpu=cortex-m4 -mthumb -mfloat-abi=hard -mfpu=fpv4-sp-d16 '-D__weak=__attribute__((weak))' '-D__packed=__attribute__((__packed__))' -DUSE_HAL_DRIVER -DSTM32F446xx -I"C:/Users/arkadiusz.zelazowski/STMworkspace/i2c_basic/Inc" -I"C:/Users/arkadiusz.zelazowski/STMworkspace/i2c_basic/Drivers/STM32F4xx_HAL_Driver/Inc" -I"C:/Users/arkadiusz.zelazowski/STMworkspace/i2c_basic/Drivers/STM32F4xx_HAL_Driver/Inc/Legacy" -I"C:/Users/arkadiusz.zelazowski/STMworkspace/i2c_basic/Drivers/CMSIS/Device/ST/STM32F4xx/Include" -I"C:/Users/arkadiusz.zelazowski/STMworkspace/i2c_basic/Drivers/CMSIS/Include"  -Og -g3 -Wall -fmessage-length=0 -ffunction-sections -c -fmessage-length=0 -MMD -MP -MF"Drivers/STM32F4xx_HAL_Driver/Src/stm32f4xx_hal_rcc_ex.d" -MT"Drivers/STM32F4xx_HAL_Driver/Src/stm32f4xx_hal_rcc_ex.o" -o "Drivers/STM32F4xx_HAL_Driver/Src/stm32f4xx_hal_rcc_ex.o" "../Drivers/STM32F4xx_HAL_Driver/Src/stm32f4xx_hal_rcc_ex.c"
Finished building: ../Drivers/STM32F4xx_HAL_Driver/Src/stm32f4xx_hal_rcc_ex.c
 
Building file: ../Drivers/STM32F4xx_HAL_Driver/Src/stm32f4xx_hal_tim.c
Invoking: MCU GCC Compiler
C:\Users\arkadiusz.zelazowski\STMworkspace\i2c_basic\Debug
arm-none-eabi-gcc -mcpu=cortex-m4 -mthumb -mfloat-abi=hard -mfpu=fpv4-sp-d16 '-D__weak=__attribute__((weak))' '-D__packed=__attribute__((__packed__))' -DUSE_HAL_DRIVER -DSTM32F446xx -I"C:/Users/arkadiusz.zelazowski/STMworkspace/i2c_basic/Inc" -I"C:/Users/arkadiusz.zelazowski/STMworkspace/i2c_basic/Drivers/STM32F4xx_HAL_Driver/Inc" -I"C:/Users/arkadiusz.zelazowski/STMworkspace/i2c_basic/Drivers/STM32F4xx_HAL_Driver/Inc/Legacy" -I"C:/Users/arkadiusz.zelazowski/STMworkspace/i2c_basic/Drivers/CMSIS/Device/ST/STM32F4xx/Include" -I"C:/Users/arkadiusz.zelazowski/STMworkspace/i2c_basic/Drivers/CMSIS/Include"  -Og -g3 -Wall -fmessage-length=0 -ffunction-sections -c -fmessage-length=0 -MMD -MP -MF"Drivers/STM32F4xx_HAL_Driver/Src/stm32f4xx_hal_tim.d" -MT"Drivers/STM32F4xx_HAL_Driver/Src/stm32f4xx_hal_tim.o" -o "Drivers/STM32F4xx_HAL_Driver/Src/stm32f4xx_hal_tim.o" "../Drivers/STM32F4xx_HAL_Driver/Src/stm32f4xx_hal_tim.c"
Finished building: ../Drivers/STM32F4xx_HAL_Driver/Src/stm32f4xx_hal_tim.c
 
Building file: ../Drivers/STM32F4xx_HAL_Driver/Src/stm32f4xx_hal_tim_ex.c
Invoking: MCU GCC Compiler
C:\Users\arkadiusz.zelazowski\STMworkspace\i2c_basic\Debug
arm-none-eabi-gcc -mcpu=cortex-m4 -mthumb -mfloat-abi=hard -mfpu=fpv4-sp-d16 '-D__weak=__attribute__((weak))' '-D__packed=__attribute__((__packed__))' -DUSE_HAL_DRIVER -DSTM32F446xx -I"C:/Users/arkadiusz.zelazowski/STMworkspace/i2c_basic/Inc" -I"C:/Users/arkadiusz.zelazowski/STMworkspace/i2c_basic/Drivers/STM32F4xx_HAL_Driver/Inc" -I"C:/Users/arkadiusz.zelazowski/STMworkspace/i2c_basic/Drivers/STM32F4xx_HAL_Driver/Inc/Legacy" -I"C:/Users/arkadiusz.zelazowski/STMworkspace/i2c_basic/Drivers/CMSIS/Device/ST/STM32F4xx/Include" -I"C:/Users/arkadiusz.zelazowski/STMworkspace/i2c_basic/Drivers/CMSIS/Include"  -Og -g3 -Wall -fmessage-length=0 -ffunction-sections -c -fmessage-length=0 -MMD -MP -MF"Drivers/STM32F4xx_HAL_Driver/Src/stm32f4xx_hal_tim_ex.d" -MT"Drivers/STM32F4xx_HAL_Driver/Src/stm32f4xx_hal_tim_ex.o" -o "Drivers/STM32F4xx_HAL_Driver/Src/stm32f4xx_hal_tim_ex.o" "../Drivers/STM32F4xx_HAL_Driver/Src/stm32f4xx_hal_tim_ex.c"
Finished building: ../Drivers/STM32F4xx_HAL_Driver/Src/stm32f4xx_hal_tim_ex.c
 
Building file: ../Drivers/STM32F4xx_HAL_Driver/Src/stm32f4xx_hal_uart.c
Invoking: MCU GCC Compiler
C:\Users\arkadiusz.zelazowski\STMworkspace\i2c_basic\Debug
arm-none-eabi-gcc -mcpu=cortex-m4 -mthumb -mfloat-abi=hard -mfpu=fpv4-sp-d16 '-D__weak=__attribute__((weak))' '-D__packed=__attribute__((__packed__))' -DUSE_HAL_DRIVER -DSTM32F446xx -I"C:/Users/arkadiusz.zelazowski/STMworkspace/i2c_basic/Inc" -I"C:/Users/arkadiusz.zelazowski/STMworkspace/i2c_basic/Drivers/STM32F4xx_HAL_Driver/Inc" -I"C:/Users/arkadiusz.zelazowski/STMworkspace/i2c_basic/Drivers/STM32F4xx_HAL_Driver/Inc/Legacy" -I"C:/Users/arkadiusz.zelazowski/STMworkspace/i2c_basic/Drivers/CMSIS/Device/ST/STM32F4xx/Include" -I"C:/Users/arkadiusz.zelazowski/STMworkspace/i2c_basic/Drivers/CMSIS/Include"  -Og -g3 -Wall -fmessage-length=0 -ffunction-sections -c -fmessage-length=0 -MMD -MP -MF"Drivers/STM32F4xx_HAL_Driver/Src/stm32f4xx_hal_uart.d" -MT"Drivers/STM32F4xx_HAL_Driver/Src/stm32f4xx_hal_uart.o" -o "Drivers/STM32F4xx_HAL_Driver/Src/stm32f4xx_hal_uart.o" "../Drivers/STM32F4xx_HAL_Driver/Src/stm32f4xx_hal_uart.c"
Finished building: ../Drivers/STM32F4xx_HAL_Driver/Src/stm32f4xx_hal_uart.c
 
Building target: i2c_basic.elf
Invoking: MCU GCC Linker
arm-none-eabi-gcc -mcpu=cortex-m4 -mthumb -mfloat-abi=hard -mfpu=fpv4-sp-d16 -specs=nosys.specs -specs=nano.specs -T"../STM32F446RETx_FLASH.ld" -Wl,-Map=output.map -Wl,--gc-sections -o "i2c_basic.elf" @"objects.list"   -lm
Finished building target: i2c_basic.elf
 
make --no-print-directory post-build
Generating hex and Printing size information:
arm-none-eabi-objcopy -O ihex "i2c_basic.elf" "i2c_basic.hex"
arm-none-eabi-size "i2c_basic.elf"
   text	   data	    bss	    dec	    hex	filename
  17688	    120	  78776	  96584	  17948	i2c_basic.elf
 
02:03:14 **** Incremental Build of configuration Debug for project i2c_basic ****
make all 
Building file: ../Src/main.c
Invoking: MCU GCC Compiler
C:\Users\arkadiusz.zelazowski\STMworkspace\i2c_basic\Debug
arm-none-eabi-gcc -mcpu=cortex-m4 -mthumb -mfloat-abi=hard -mfpu=fpv4-sp-d16 '-D__weak=__attribute__((weak))' '-D__packed=__attribute__((__packed__))' -DUSE_HAL_DRIVER -DSTM32F446xx -I"C:/Users/arkadiusz.zelazowski/STMworkspace/i2c_basic/Inc" -I"C:/Users/arkadiusz.zelazowski/STMworkspace/i2c_basic/Drivers/STM32F4xx_HAL_Driver/Inc" -I"C:/Users/arkadiusz.zelazowski/STMworkspace/i2c_basic/Drivers/STM32F4xx_HAL_Driver/Inc/Legacy" -I"C:/Users/arkadiusz.zelazowski/STMworkspace/i2c_basic/Drivers/CMSIS/Device/ST/STM32F4xx/Include" -I"C:/Users/arkadiusz.zelazowski/STMworkspace/i2c_basic/Drivers/CMSIS/Include"  -Og -g3 -Wall -fmessage-length=0 -ffunction-sections -c -fmessage-length=0 -MMD -MP -MF"Src/main.d" -MT"Src/main.o" -o "Src/main.o" "../Src/main.c"
../Src/main.c: In function 'init':
../Src/main.c:89:61: warning: passing argument 5 of 'HAL_I2C_Mem_Write' discards 'const' qualifier from pointer target type [-Wdiscarded-qualifiers]
   HAL_I2C_Mem_Write(&hi2c2, (0x21<<1), OV7670_reg[i][0], 1, &OV7670_reg[i][1], 1, 100);
                                                             ^
In file included from C:/Users/arkadiusz.zelazowski/STMworkspace/i2c_basic/Inc/stm32f4xx_hal_conf.h:312:0,
                 from C:/Users/arkadiusz.zelazowski/STMworkspace/i2c_basic/Drivers/STM32F4xx_HAL_Driver/Inc/stm32f4xx_hal.h:30,
                 from C:/Users/arkadiusz.zelazowski/STMworkspace/i2c_basic/Inc/main.h:31,
                 from ../Src/main.c:22:
C:/Users/arkadiusz.zelazowski/STMworkspace/i2c_basic/Drivers/STM32F4xx_HAL_Driver/Inc/stm32f4xx_hal_i2c.h:566:19: note: expected 'uint8_t * {aka unsigned char *}' but argument is of type 'const uint8_t * {aka const unsigned char *}'
 HAL_StatusTypeDef HAL_I2C_Mem_Write(I2C_HandleTypeDef *hi2c, uint16_t DevAddress, uint16_t MemAddress, uint16_t MemAddSize, uint8_t *pData, uint16_t Size, uint32_t Timeout);
                   ^~~~~~~~~~~~~~~~~
../Src/main.c: In function 'MX_TIM6_Init':
../Src/main.c:410:3: warning: implicit declaration of function 'printf' [-Wimplicit-function-declaration]
   printf("tim setup done 6\r\n");
   ^~~~~~
../Src/main.c:410:3: warning: incompatible implicit declaration of built-in function 'printf'
../Src/main.c:410:3: note: include '<stdio.h>' or provide a declaration of 'printf'
../Src/main.c: In function 'Error_Handler':
../Src/main.c:541:2: warning: incompatible implicit declaration of built-in function 'printf'
  printf("ERROR!");
  ^~~~~~
../Src/main.c:541:2: note: include '<stdio.h>' or provide a declaration of 'printf'
Finished building: ../Src/main.c
 
Building target: i2c_basic.elf
Invoking: MCU GCC Linker
arm-none-eabi-gcc -mcpu=cortex-m4 -mthumb -mfloat-abi=hard -mfpu=fpv4-sp-d16 -specs=nosys.specs -specs=nano.specs -T"../STM32F446RETx_FLASH.ld" -Wl,-Map=output.map -Wl,--gc-sections -o "i2c_basic.elf" @"objects.list"   -lm
Finished building target: i2c_basic.elf
 
make --no-print-directory post-build
Generating hex and Printing size information:
arm-none-eabi-objcopy -O ihex "i2c_basic.elf" "i2c_basic.hex"
arm-none-eabi-size "i2c_basic.elf"
   text	   data	    bss	    dec	    hex	filename
  17564	    120	  78776	  96460	  178cc	i2c_basic.elf
 
02:06:02 **** Incremental Build of configuration Debug for project i2c_basic ****
make all 
Building file: ../Src/main.c
Invoking: MCU GCC Compiler
C:\Users\arkadiusz.zelazowski\STMworkspace\i2c_basic\Debug
arm-none-eabi-gcc -mcpu=cortex-m4 -mthumb -mfloat-abi=hard -mfpu=fpv4-sp-d16 '-D__weak=__attribute__((weak))' '-D__packed=__attribute__((__packed__))' -DUSE_HAL_DRIVER -DSTM32F446xx -I"C:/Users/arkadiusz.zelazowski/STMworkspace/i2c_basic/Inc" -I"C:/Users/arkadiusz.zelazowski/STMworkspace/i2c_basic/Drivers/STM32F4xx_HAL_Driver/Inc" -I"C:/Users/arkadiusz.zelazowski/STMworkspace/i2c_basic/Drivers/STM32F4xx_HAL_Driver/Inc/Legacy" -I"C:/Users/arkadiusz.zelazowski/STMworkspace/i2c_basic/Drivers/CMSIS/Device/ST/STM32F4xx/Include" -I"C:/Users/arkadiusz.zelazowski/STMworkspace/i2c_basic/Drivers/CMSIS/Include"  -Og -g3 -Wall -fmessage-length=0 -ffunction-sections -c -fmessage-length=0 -MMD -MP -MF"Src/main.d" -MT"Src/main.o" -o "Src/main.o" "../Src/main.c"
../Src/main.c: In function 'init':
../Src/main.c:89:61: warning: passing argument 5 of 'HAL_I2C_Mem_Write' discards 'const' qualifier from pointer target type [-Wdiscarded-qualifiers]
   HAL_I2C_Mem_Write(&hi2c2, (0x21<<1), OV7670_reg[i][0], 1, &OV7670_reg[i][1], 1, 100);
                                                             ^
In file included from C:/Users/arkadiusz.zelazowski/STMworkspace/i2c_basic/Inc/stm32f4xx_hal_conf.h:312:0,
                 from C:/Users/arkadiusz.zelazowski/STMworkspace/i2c_basic/Drivers/STM32F4xx_HAL_Driver/Inc/stm32f4xx_hal.h:30,
                 from C:/Users/arkadiusz.zelazowski/STMworkspace/i2c_basic/Inc/main.h:31,
                 from ../Src/main.c:22:
C:/Users/arkadiusz.zelazowski/STMworkspace/i2c_basic/Drivers/STM32F4xx_HAL_Driver/Inc/stm32f4xx_hal_i2c.h:566:19: note: expected 'uint8_t * {aka unsigned char *}' but argument is of type 'const uint8_t * {aka const unsigned char *}'
 HAL_StatusTypeDef HAL_I2C_Mem_Write(I2C_HandleTypeDef *hi2c, uint16_t DevAddress, uint16_t MemAddress, uint16_t MemAddSize, uint8_t *pData, uint16_t Size, uint32_t Timeout);
                   ^~~~~~~~~~~~~~~~~
../Src/main.c: In function 'MX_TIM6_Init':
../Src/main.c:410:3: warning: implicit declaration of function 'printf' [-Wimplicit-function-declaration]
   printf("tim setup done 6\r\n");
   ^~~~~~
../Src/main.c:410:3: warning: incompatible implicit declaration of built-in function 'printf'
../Src/main.c:410:3: note: include '<stdio.h>' or provide a declaration of 'printf'
../Src/main.c: In function 'Error_Handler':
../Src/main.c:541:2: warning: incompatible implicit declaration of built-in function 'printf'
  printf("ERROR!");
  ^~~~~~
../Src/main.c:541:2: note: include '<stdio.h>' or provide a declaration of 'printf'
Finished building: ../Src/main.c
 
Building target: i2c_basic.elf
Invoking: MCU GCC Linker
arm-none-eabi-gcc -mcpu=cortex-m4 -mthumb -mfloat-abi=hard -mfpu=fpv4-sp-d16 -specs=nosys.specs -specs=nano.specs -T"../STM32F446RETx_FLASH.ld" -Wl,-Map=output.map -Wl,--gc-sections -o "i2c_basic.elf" @"objects.list"   -lm
Finished building target: i2c_basic.elf
 
make --no-print-directory post-build
Generating hex and Printing size information:
arm-none-eabi-objcopy -O ihex "i2c_basic.elf" "i2c_basic.hex"
arm-none-eabi-size "i2c_basic.elf"
   text	   data	    bss	    dec	    hex	filename
  17568	    120	  78776	  96464	  178d0	i2c_basic.elf
 
